// Jest Snapshot v1, https://goo.gl/fbAQLP

exports[`Navigation should render the component and matches it against stored snapshot 1`] = `
<DocumentFragment>
  <div>
    <nav
      class="d-flex align-items-stretch h-100 p-0 navbar navbar-expand-lg navbar-light"
      data-testid="Navigation"
    >
      <button
        aria-label="Toggle navigation"
        class="toggle align-items-center border-0 flex-column justify-content-center p-0 navbar-toggler collapsed"
        type="button"
      >
        <span
          class="toggleBar bg-primary position-relative mt-1"
        />
        <span
          class="toggleBar bg-primary position-relative mt-1"
        />
        <span
          class="toggleBar bg-primary position-relative mt-1"
        />
      </button>
      <div
        class="collapse align-items-stretch bg-light py-2 p-lg-0 navbar-collapse collapse"
      >
        <div
          class="root navbar-nav"
          data-testid="NavigationList"
        >
          <a
            class="link font-family-rowdies d-flex align-items-center display-5 p-4 px-xl-5 py-xl-0 nav-link"
            data-rr-ui-event-key="/tts-initiative"
            href="/tts-initiative"
          >
            tts initiativeTextSuffix
          </a>
          <a
            class="link font-family-rowdies d-flex align-items-center display-5 p-4 px-xl-5 py-xl-0 nav-link"
            data-rr-ui-event-key="/asr-initiative"
            href="/asr-initiative"
          >
            asr initiativeTextSuffix
          </a>
          <a
            class="link font-family-rowdies d-flex align-items-center display-5 p-4 px-xl-5 py-xl-0 nav-link"
            data-rr-ui-event-key="/translation-initiative"
            href="/translation-initiative"
          >
            translation initiativeTextSuffix
          </a>
          <a
            class="link font-family-rowdies d-flex align-items-center display-5 p-4 px-xl-5 py-xl-0 nav-link"
            data-rr-ui-event-key="/ocr-initiative"
            href="/ocr-initiative"
          >
            ocr initiativeTextSuffix
          </a>
        </div>
      </div>
    </nav>
  </div>
  <button>
    Test Button
  </button>
</DocumentFragment>
`;
