// Jest Snapshot v1, https://goo.gl/fbAQLP

exports[`Navigation should render the component and matches it against stored snapshot 1`] = `
<DocumentFragment>
  <div>
    <nav
      class="d-flex align-items-stretch h-100 p-0 navbar navbar-expand-lg navbar-light"
      data-testid="Navigation"
    >
      <button
        aria-label="Toggle navigation"
        class="toggle align-items-center border-0 flex-column justify-content-center p-0 navbar-toggler collapsed"
        type="button"
      >
        <span
          class="toggleBar bg-primary position-relative mt-1"
        />
        <span
          class="toggleBar bg-primary position-relative mt-1"
        />
        <span
          class="toggleBar bg-primary position-relative mt-1"
        />
      </button>
      <div
        class="collapse align-items-stretch bg-light py-2 p-lg-0 navbar-collapse collapse"
      >
        <div
          class="root navbar-nav"
          data-testid="NavigationList"
        >
          <a
            class="link mx-xl-3 nav-link"
            data-rr-ui-event-key="/sunoIndia/home"
            href="/sunoIndia/home"
          >
            suno india
          </a>
          <a
            class="link d-flex align-items-center text-primary display-5 mx-xl-3 nav-link"
            data-rr-ui-event-key="/boloIndia/home.html"
            href="/boloIndia/home.html"
          >
            bolo india
          </a>
          <a
            class="link d-flex align-items-center text-primary display-5 mx-xl-3 nav-link"
            data-rr-ui-event-key="/likhoIndia/home.html"
            href="/likhoIndia/home.html"
          >
            likho india
          </a>
          <a
            class="link d-flex align-items-center text-primary display-5 mx-xl-3 nav-link"
            data-rr-ui-event-key="/dekhoIndia/home.html"
            href="/dekhoIndia/home.html"
          >
            dekho india
          </a>
        </div>
      </div>
    </nav>
  </div>
  <button>
    Test Button
  </button>
</DocumentFragment>
`;
