// Jest Snapshot v1, https://goo.gl/fbAQLP

exports[`SunoTranscribe should render the component and matches it against stored snapshot 1`] = `
<DocumentFragment>
  <div
    class="root position-relative"
    data-testid="SunoTranscribe"
  >
    <div
      class="d-flex flex-column align-items-center text-center"
    >
      <span
        class="label display-3"
      >
        Type the text as you hear the audio
      </span>
      <div
        class="mt-2 mt-md-3"
      >
        <audio
          class="d-flex shadow-grey rounded-24"
          controls=""
          controlslist="nodownload"
          crossorigin="anonymous"
          data-testid="audioElement"
          src="https://dev-data-crowdsource.azureedge.net/inbound/asr/English/newsonair.nic.in_09-08-2021_03-37/2_3_Regional-Kohima-English-0725-20198228349.wav"
          tabindex="-1"
        />
      </div>
    </div>
    <div
      class="mt-4 mt-md-8"
    >
      <div>
        <div
          class="addText rounded-8 border border-2 border-primary bg-light p-4"
          data-testid="TextEditArea"
        >
          <div>
            <label
              class="display-6 form-label"
              for="textarea"
            >
              Add Text (Hindi)
            </label>
            <textarea
              class="textarea border-0 p-0 display-3 form-control"
              id="textarea"
              placeholder="Start typing here..."
            />
          </div>
          <button
            class="root rounded d-flex align-items-center px-3 text-primary bg-light text-decoration-none info normal btn btn-link"
            data-testid="IconTextButton"
            type="button"
          >
            <div
              style="display: inline-block; max-width: 100%; overflow: hidden; position: relative; box-sizing: border-box; margin: 0px;"
            >
              <div
                style="box-sizing: border-box; display: block; max-width: 100%;"
              >
                <img
                  alt=""
                  aria-hidden="true"
                  src="data:image/svg+xml;base64,PHN2ZyB3aWR0aD0iMjQiIGhlaWdodD0iMjQiIHhtbG5zPSJodHRwOi8vd3d3LnczLm9yZy8yMDAwL3N2ZyIgdmVyc2lvbj0iMS4xIi8+"
                  style="max-width: 100%; display: block; margin: 0px; padding: 0px;"
                />
              </div>
              <img
                alt="keyboardBtn"
                data-nimg="intrinsic"
                decoding="async"
                src="/_next/image?url=%2Fimages%2Freport.svg&w=48&q=75"
                srcset="/_next/image?url=%2Fimages%2Freport.svg&w=32&q=75 1x, /_next/image?url=%2Fimages%2Freport.svg&w=48&q=75 2x"
                style="position: absolute; top: 0px; left: 0px; bottom: 0px; right: 0px; box-sizing: border-box; padding: 0px; margin: auto; display: block; width: 0px; height: 0px; min-width: 100%; max-width: 100%; min-height: 100%; max-height: 100%;"
              />
              <noscript />
            </div>
          </button>
        </div>
      </div>
    </div>
    <div>
      <div
        class="d-flex flex-column flex-md-row justify-content-md-center align-items-center py-2 py-md-6"
      >
        <button
          class="mx-md-6 order-2 order-md-1 my-2 my-md-0 light secondary btn btn-light"
          data-testid="Button"
          disabled=""
          type="button"
        >
          cancel
        </button>
        <button
          class="position-relative d-flex flex-column align-items-center fw-bold mx-md-6 order-1 order-md-2 my-2 my-md-0 info normal btn btn-link"
          data-testid="Button"
          type="button"
        >
          <div
            style="display: inline-block; max-width: 100%; overflow: hidden; position: relative; box-sizing: border-box; margin: 0px;"
          >
            <div
              style="box-sizing: border-box; display: block; max-width: 100%;"
            >
              <img
                alt=""
                aria-hidden="true"
                src="data:image/svg+xml;base64,PHN2ZyB3aWR0aD0iNjAiIGhlaWdodD0iNjAiIHhtbG5zPSJodHRwOi8vd3d3LnczLm9yZy8yMDAwL3N2ZyIgdmVyc2lvbj0iMS4xIi8+"
                style="max-width: 100%; display: block; margin: 0px; padding: 0px;"
              />
            </div>
            <img
              alt="Play Icon"
              data-nimg="intrinsic"
              decoding="async"
              src="/_next/image?url=%2Fimages%2Fplay.svg&w=128&q=75"
              srcset="/_next/image?url=%2Fimages%2Fplay.svg&w=64&q=75 1x, /_next/image?url=%2Fimages%2Fplay.svg&w=128&q=75 2x"
              style="position: absolute; top: 0px; left: 0px; bottom: 0px; right: 0px; box-sizing: border-box; padding: 0px; margin: auto; display: block; width: 0px; height: 0px; min-width: 100%; max-width: 100%; min-height: 100%; max-height: 100%;"
            />
            <noscript />
          </div>
          <span
            class="mainControl display-3 position-absolute d-none d-md-block"
          >
            play
          </span>
        </button>
        <button
          class="mx-md-6 order-3 order-md-3 my-2 my-md-0 info primary btn btn-primary"
          data-testid="Button"
          disabled=""
          type="button"
        >
          submit
        </button>
      </div>
      <div
        class="d-flex justify-content-center mt-2 mt-md-11"
      >
        <button
          class="transparent tertiary btn btn-transparent"
          data-testid="Button"
          type="button"
        >
          skip
        </button>
      </div>
    </div>
    <div
      class="d-flex align-items-center mt-10 mt-md-14"
    >
      <div
        class="flex-grow-1"
      >
        <div
          class="progress progress"
        >
          <div
            aria-valuemax="100"
            aria-valuemin="0"
            aria-valuenow="20"
            class="progress-bar bg-primary"
            role="progressbar"
            style="width: 20%;"
          />
        </div>
      </div>
      <span
        class="ms-5"
      >
        1/5
      </span>
    </div>
  </div>
</DocumentFragment>
`;
