// Jest Snapshot v1, https://goo.gl/fbAQLP

exports[`PageHeadeer should render the component and matches it against stored snapshot 1`] = `
<DocumentFragment>
  <div
    class="root"
    data-testid="PageHeader"
  >
    <div
      class="bg pb-2 pb-md-5"
    >
      <div
        class="d-flex"
      >
        <div
          class="pageHeaderImg d-flex align-items-center"
        >
          <span
            style="box-sizing: border-box; display: inline-block; overflow: hidden; background: none; opacity: 1; border: 0px; margin: 0px; padding: 0px; position: relative; max-width: 100%;"
          >
            <span
              style="box-sizing: border-box; display: block; background: none; opacity: 1; border: 0px; margin: 0px; padding: 0px; max-width: 100%;"
            >
              <img
                alt=""
                aria-hidden="true"
                src="data:image/svg+xml,%3csvg%20xmlns=%27http://www.w3.org/2000/svg%27%20version=%271.1%27%20width=%2784%27%20height=%2776%27/%3e"
                style="display: block; max-width: 100%; background: none; opacity: 1; border: 0px; margin: 0px; padding: 0px;"
              />
            </span>
            <img
              alt="ttsLogo"
              data-nimg="intrinsic"
              decoding="async"
              src="data:image/gif;base64,R0lGODlhAQABAIAAAAAAAP///yH5BAEAAAAALAAAAAABAAEAAAIBRAA7"
              style="position: absolute; top: 0px; left: 0px; bottom: 0px; right: 0px; box-sizing: border-box; padding: 0px; margin: auto; display: block; width: 0px; height: 0px; min-width: 100%; max-width: 100%; min-height: 100%; max-height: 100%;"
            />
            <noscript />
          </span>
        </div>
        <div
          class="d-flex flex-column justify-content-center ms-4 ms-md-6 w-100"
        >
          <h1
            class="pageHeading mb-0"
          >
            tts initiativeTextSuffix
          </h1>
          <p
            class="pageHeaderText mb-0 d-none d-md-block"
          >
            ttsSloganText
          </p>
        </div>
      </div>
      <p
        class="pageHeaderTextMobile mt-4 d-md-none mb-0"
      >
        ttsSloganText
      </p>
    </div>
    <div
      class="border d-flex"
    >
      <span
        class="orange"
      >
         
      </span>
      <span
        class="blue"
      >
         
      </span>
      <span
        class="green"
      >
         
      </span>
    </div>
  </div>
</DocumentFragment>
`;
