// Jest Snapshot v1, https://goo.gl/fbAQLP

exports[`LanguageSwitcher should render the component and matches it against stored snapshot 1`] = `
<DocumentFragment>
  <ul
    class="navbar-nav"
    data-testid="LanguageSwitcher"
  >
    <li
      class="nav-item"
    >
      <a
        class="nav-link active"
        href=""
      >
        English
      </a>
    </li>
    <li
      class="nav-item"
    >
      <a
        class="nav-link"
        href=""
      >
        हिंदी
      </a>
    </li>
    <li
      class="nav-item"
    >
      <a
        class="nav-link"
        href=""
      >
        ગુજરાતી
      </a>
    </li>
    <li
      class="nav-item"
    >
      <a
        class="nav-link"
        href=""
      >
        ਪੰਜਾਬੀ
      </a>
    </li>
  </ul>
</DocumentFragment>
`;
