// Jest Snapshot v1, https://goo.gl/fbAQLP

exports[`CompareLanguages should render the component and matches it against stored snapshot 1`] = `
<DocumentFragment>
  <div
    class="chartContainer"
    data-testid="CompareLanguages"
  >
    <div
      class="chart"
    >
      BarChart
    </div>
  </div>
</DocumentFragment>
`;
