// Jest Snapshot v1, https://goo.gl/fbAQLP

exports[`BadgeDetail should render the component and matches it against stored snapshot 1`] = `
<DocumentFragment>
  <div
    data-testid="BadgeDetail"
  >
    <header>
      <h2
        class="mb-5 mb-md-8"
      >
        badgesDetailPageHeading
      </h2>
      <div
        class="row"
      >
        <div
          class="col"
          data-testid="LanguageDropDown"
        >
          <div
            class="contributionLanguage"
          >
            <div
              class="d-flex flex-column flex-md-row align-items-md-center"
            >
              <label
                class="label mb-0 me-md-2 form-label"
                for="languageDropDown"
              >
                selectDropDownLanguagePrompt:
              </label>
              <select
                aria-label="Your Language"
                class="languageDropdown mt-1 mt-md-0 form-select"
                data-testid="SelectDropDownLanguage"
                id="languageDropDown"
                name="languageDropDown"
              >
                <option
                  value="Assamese"
                >
                  অসমীয়া
                </option>
                <option
                  value="Bengali"
                >
                  বাংলা
                </option>
                <option
                  value="English"
                >
                  English
                </option>
                <option
                  value="Gujarati"
                >
                  ગુજરાતી
                </option>
                <option
                  value="Hindi"
                >
                  हिंदी
                </option>
                <option
                  value="Kannada"
                >
                  ಕನ್ನಡ
                </option>
                <option
                  value="Malayalam"
                >
                  മലയാളം
                </option>
                <option
                  value="Marathi"
                >
                  मराठी
                </option>
                <option
                  value="Odia"
                >
                  ଓଡିଆ
                </option>
                <option
                  value="Punjabi"
                >
                  ਪੰਜਾਬੀ
                </option>
                <option
                  value="Tamil"
                >
                  தமிழ்
                </option>
                <option
                  value="Telugu"
                >
                  తెలుగు
                </option>
              </select>
            </div>
          </div>
        </div>
      </div>
    </header>
    <div
      class="font-family-rowdies mt-7 mt-md-9"
    >
      <ul
        class="tabs d-flex align-items-center border-bottom border-1 border-primary-60 hide-scrollbar nav nav-tabs"
        role="tablist"
      >
        <li
          class="nav-item"
          role="presentation"
        >
          <button
            aria-controls="uncontrolled-tab-example-tabpane-tts"
            aria-selected="true"
            class="tabLink position-relative h-100 display-3 px-6 mx-md-0 nav-link active"
            data-rr-ui-event-key="tts"
            id="uncontrolled-tab-example-tab-tts"
            role="tab"
            type="button"
          >
            tts initiativeTextSuffix
          </button>
        </li>
        <li
          class="nav-item"
          role="presentation"
        >
          <button
            aria-controls="uncontrolled-tab-example-tabpane-asr"
            class="tabLink position-relative h-100 display-3 px-6 mx-md-0 nav-link"
            data-rr-ui-event-key="asr"
            id="uncontrolled-tab-example-tab-asr"
            role="tab"
            tabindex="-1"
            type="button"
          >
            asr initiativeTextSuffix
          </button>
        </li>
        <li
          class="nav-item"
          role="presentation"
        >
          <button
            aria-controls="uncontrolled-tab-example-tabpane-translation"
            class="tabLink position-relative h-100 display-3 px-6 mx-md-0 nav-link"
            data-rr-ui-event-key="translation"
            id="uncontrolled-tab-example-tab-translation"
            role="tab"
            tabindex="-1"
            type="button"
          >
            translation initiativeTextSuffix
          </button>
        </li>
        <li
          class="nav-item"
          role="presentation"
        >
          <button
            aria-controls="uncontrolled-tab-example-tabpane-ocr"
            class="tabLink position-relative h-100 display-3 px-6 mx-md-0 nav-link"
            data-rr-ui-event-key="ocr"
            id="uncontrolled-tab-example-tab-ocr"
            role="tab"
            tabindex="-1"
            type="button"
          >
            ocr initiativeTextSuffix
          </button>
        </li>
      </ul>
      <div
        class="tab-content"
      >
        <div
          aria-labelledby="uncontrolled-tab-example-tab-tts"
          class="tab-pane active"
          id="uncontrolled-tab-example-tabpane-tts"
        />
        <div
          aria-labelledby="uncontrolled-tab-example-tab-asr"
          class="tab-pane"
          id="uncontrolled-tab-example-tabpane-asr"
        />
        <div
          aria-labelledby="uncontrolled-tab-example-tab-translation"
          class="tab-pane"
          id="uncontrolled-tab-example-tabpane-translation"
        />
        <div
          aria-labelledby="uncontrolled-tab-example-tab-ocr"
          class="tab-pane"
          id="uncontrolled-tab-example-tabpane-ocr"
        />
      </div>
      <div
        class="py-5"
      >
        <div
          data-testid="InitiativeBadgeDetail"
        >
          <div
            class="py-5 row"
            data-testid="badgeLevelRow"
          >
            <div
              class="d-flex align-items-center fw-light display-3 col-md-3"
            >
              selectBadgeLevelPrompt
            </div>
            <div
              class="d-flex justify-content-between justify-content-lg-start mt-5 mt-md-0 col-md-9"
            >
              <div
                class="medal"
              >
                <div
                  class="root active d-flex flex-column align-items-center text-center py-2 py-md-3"
                  data-testid="en-tts-bronze-contribute-medal"
                  role="button"
                  tabindex="0"
                >
                  <div
                    class="medalImg d-flex"
                  >
                    <span
                      style="box-sizing: border-box; display: inline-block; overflow: hidden; background: none; opacity: 1; border: 0px; margin: 0px; padding: 0px; position: relative; max-width: 100%;"
                    >
                      <span
                        style="box-sizing: border-box; display: block; background: none; opacity: 1; border: 0px; margin: 0px; padding: 0px; max-width: 100%;"
                      >
                        <img
                          alt=""
                          aria-hidden="true"
                          src="data:image/svg+xml,%3csvg%20xmlns=%27http://www.w3.org/2000/svg%27%20version=%271.1%27%20width=%2756%27%20height=%2772%27/%3e"
                          style="display: block; max-width: 100%; background: none; opacity: 1; border: 0px; margin: 0px; padding: 0px;"
                        />
                      </span>
                      <img
                        alt="Medal"
                        data-nimg="intrinsic"
                        decoding="async"
                        src="data:image/gif;base64,R0lGODlhAQABAIAAAAAAAP///yH5BAEAAAAALAAAAAABAAEAAAIBRAA7"
                        style="position: absolute; top: 0px; left: 0px; bottom: 0px; right: 0px; box-sizing: border-box; padding: 0px; margin: auto; display: block; width: 0px; height: 0px; min-width: 100%; max-width: 100%; min-height: 100%; max-height: 100%;"
                      />
                      <noscript />
                    </span>
                  </div>
                  <span
                    class="display-5 mt-1 fw-light text-capitalize text-break"
                  >
                    Bronze
                  </span>
                </div>
              </div>
              <div
                class="medal"
              >
                <div
                  class="root  d-flex flex-column align-items-center text-center py-2 py-md-3"
                  data-testid="en-tts-silver-contribute-medal"
                  role="button"
                  tabindex="0"
                >
                  <div
                    class="medalImg d-flex"
                  >
                    <span
                      style="box-sizing: border-box; display: inline-block; overflow: hidden; background: none; opacity: 1; border: 0px; margin: 0px; padding: 0px; position: relative; max-width: 100%;"
                    >
                      <span
                        style="box-sizing: border-box; display: block; background: none; opacity: 1; border: 0px; margin: 0px; padding: 0px; max-width: 100%;"
                      >
                        <img
                          alt=""
                          aria-hidden="true"
                          src="data:image/svg+xml,%3csvg%20xmlns=%27http://www.w3.org/2000/svg%27%20version=%271.1%27%20width=%2756%27%20height=%2772%27/%3e"
                          style="display: block; max-width: 100%; background: none; opacity: 1; border: 0px; margin: 0px; padding: 0px;"
                        />
                      </span>
                      <img
                        alt="Medal"
                        data-nimg="intrinsic"
                        decoding="async"
                        src="data:image/gif;base64,R0lGODlhAQABAIAAAAAAAP///yH5BAEAAAAALAAAAAABAAEAAAIBRAA7"
                        style="position: absolute; top: 0px; left: 0px; bottom: 0px; right: 0px; box-sizing: border-box; padding: 0px; margin: auto; display: block; width: 0px; height: 0px; min-width: 100%; max-width: 100%; min-height: 100%; max-height: 100%;"
                      />
                      <noscript />
                    </span>
                  </div>
                  <span
                    class="display-5 mt-1 fw-light text-capitalize text-break"
                  >
                    Silver
                  </span>
                </div>
              </div>
              <div
                class="medal"
              >
                <div
                  class="root  d-flex flex-column align-items-center text-center py-2 py-md-3"
                  data-testid="en-tts-gold-contribute-medal"
                  role="button"
                  tabindex="0"
                >
                  <div
                    class="medalImg d-flex"
                  >
                    <span
                      style="box-sizing: border-box; display: inline-block; overflow: hidden; background: none; opacity: 1; border: 0px; margin: 0px; padding: 0px; position: relative; max-width: 100%;"
                    >
                      <span
                        style="box-sizing: border-box; display: block; background: none; opacity: 1; border: 0px; margin: 0px; padding: 0px; max-width: 100%;"
                      >
                        <img
                          alt=""
                          aria-hidden="true"
                          src="data:image/svg+xml,%3csvg%20xmlns=%27http://www.w3.org/2000/svg%27%20version=%271.1%27%20width=%2756%27%20height=%2772%27/%3e"
                          style="display: block; max-width: 100%; background: none; opacity: 1; border: 0px; margin: 0px; padding: 0px;"
                        />
                      </span>
                      <img
                        alt="Medal"
                        data-nimg="intrinsic"
                        decoding="async"
                        src="data:image/gif;base64,R0lGODlhAQABAIAAAAAAAP///yH5BAEAAAAALAAAAAABAAEAAAIBRAA7"
                        style="position: absolute; top: 0px; left: 0px; bottom: 0px; right: 0px; box-sizing: border-box; padding: 0px; margin: auto; display: block; width: 0px; height: 0px; min-width: 100%; max-width: 100%; min-height: 100%; max-height: 100%;"
                      />
                      <noscript />
                    </span>
                  </div>
                  <span
                    class="display-5 mt-1 fw-light text-capitalize text-break"
                  >
                    Gold
                  </span>
                </div>
              </div>
              <div
                class="medal"
              >
                <div
                  class="root  d-flex flex-column align-items-center text-center py-2 py-md-3"
                  data-testid="en-tts-platinum-contribute-medal"
                  role="button"
                  tabindex="0"
                >
                  <div
                    class="medalImg d-flex"
                  >
                    <span
                      style="box-sizing: border-box; display: inline-block; overflow: hidden; background: none; opacity: 1; border: 0px; margin: 0px; padding: 0px; position: relative; max-width: 100%;"
                    >
                      <span
                        style="box-sizing: border-box; display: block; background: none; opacity: 1; border: 0px; margin: 0px; padding: 0px; max-width: 100%;"
                      >
                        <img
                          alt=""
                          aria-hidden="true"
                          src="data:image/svg+xml,%3csvg%20xmlns=%27http://www.w3.org/2000/svg%27%20version=%271.1%27%20width=%2756%27%20height=%2772%27/%3e"
                          style="display: block; max-width: 100%; background: none; opacity: 1; border: 0px; margin: 0px; padding: 0px;"
                        />
                      </span>
                      <img
                        alt="Medal"
                        data-nimg="intrinsic"
                        decoding="async"
                        src="data:image/gif;base64,R0lGODlhAQABAIAAAAAAAP///yH5BAEAAAAALAAAAAABAAEAAAIBRAA7"
                        style="position: absolute; top: 0px; left: 0px; bottom: 0px; right: 0px; box-sizing: border-box; padding: 0px; margin: auto; display: block; width: 0px; height: 0px; min-width: 100%; max-width: 100%; min-height: 100%; max-height: 100%;"
                      />
                      <noscript />
                    </span>
                  </div>
                  <span
                    class="display-5 mt-1 fw-light text-capitalize text-break"
                  >
                    Platinum
                  </span>
                </div>
              </div>
            </div>
          </div>
          <div
            class="py-5 row"
            data-testid="participationRow"
          >
            <div
              class="d-flex align-items-center fw-light display-3 col-md-3"
            >
              participation
            </div>
            <div
              class="d-flex justify-content-between justify-content-md-start mt-5 mt-md-0 col-md-9"
            >
              <div
                class="fw-light display-3"
              >
                <div
                  class="me-9 form-check form-check-inline"
                >
                  <input
                    checked=""
                    class="form-check-input"
                    data-testid="action1"
                    id="action1"
                    name="action"
                    type="radio"
                    value="Contribution"
                  />
                  <label
                    class="form-check-label"
                    for="action1"
                    title=""
                  >
                    contribution
                  </label>
                </div>
                <div
                  class="form-check form-check-inline"
                >
                  <input
                    class="form-check-input"
                    data-testid="action2"
                    id="action2"
                    name="action"
                    type="radio"
                    value="Validation"
                  />
                  <label
                    class="form-check-label"
                    for="action2"
                    title=""
                  >
                    validation
                  </label>
                </div>
              </div>
            </div>
          </div>
          <section
            class="py-5"
          >
            <div
              class="root rounded-20"
              data-testid="badgeDescriptionRow"
            >
              <div
                class="rounded-20 bg-light p-5"
              >
                <div
                  class="row"
                >
                  <div
                    class="d-flex align-items-center justify-content-center col-md-4 col-12 order-md-2 order-1"
                  >
                    <div
                      class="medalImg"
                    >
                      <span
                        style="box-sizing: border-box; display: inline-block; overflow: hidden; background: none; opacity: 1; border: 0px; margin: 0px; padding: 0px; position: relative; max-width: 100%;"
                      >
                        <span
                          style="box-sizing: border-box; display: block; background: none; opacity: 1; border: 0px; margin: 0px; padding: 0px; max-width: 100%;"
                        >
                          <img
                            alt=""
                            aria-hidden="true"
                            src="data:image/svg+xml,%3csvg%20xmlns=%27http://www.w3.org/2000/svg%27%20version=%271.1%27%20width=%27250%27%20height=%27320%27/%3e"
                            style="display: block; max-width: 100%; background: none; opacity: 1; border: 0px; margin: 0px; padding: 0px;"
                          />
                        </span>
                        <img
                          alt="Bronze Badge English"
                          data-nimg="intrinsic"
                          decoding="async"
                          src="data:image/gif;base64,R0lGODlhAQABAIAAAAAAAP///yH5BAEAAAAALAAAAAABAAEAAAIBRAA7"
                          style="position: absolute; top: 0px; left: 0px; bottom: 0px; right: 0px; box-sizing: border-box; padding: 0px; margin: auto; display: block; width: 0px; height: 0px; min-width: 100%; max-width: 100%; min-height: 100%; max-height: 100%;"
                        />
                        <noscript />
                      </span>
                    </div>
                  </div>
                  <div
                    class="d-flex align-items-center justify-content-center text-center text-md-start mt-5 mt-md-0 col-md-8 col-12 order-md-1 order-2"
                  >
                    <div
                      class="heading"
                    >
                      <h2>
                        badgeDetailText
                      </h2>
                    </div>
                  </div>
                </div>
              </div>
            </div>
          </section>
        </div>
      </div>
    </div>
    <div
      class="display-4"
    >
      <p
        class="m-0"
      >
        badgeInfoText1
      </p>
      <p
        class="m-0"
      >
        badgeInfoText2
      </p>
    </div>
  </div>
</DocumentFragment>
`;
