// Jest Snapshot v1, https://goo.gl/fbAQLP

exports[`InitiativeAction should render the component and matches it against stored snapshot 1`] = `
<DocumentFragment>
  <div
    class="action d-flex flex-column align-items-center text-center display-3"
  >
    <div
      class="actionIcon actionIconBlue d-flex rounded-circle"
    >
      <span
        style="box-sizing: border-box; display: inline-block; overflow: hidden; background: none; opacity: 1; border: 0px; margin: 0px; padding: 0px; position: relative; max-width: 100%;"
      >
        <span
          style="box-sizing: border-box; display: block; background: none; opacity: 1; border: 0px; margin: 0px; padding: 0px; max-width: 100%;"
        >
          <img
            alt=""
            aria-hidden="true"
            src="data:image/svg+xml,%3csvg%20xmlns=%27http://www.w3.org/2000/svg%27%20version=%271.1%27%20width=%27160%27%20height=%27160%27/%3e"
            style="display: block; max-width: 100%; background: none; opacity: 1; border: 0px; margin: 0px; padding: 0px;"
          />
        </span>
        <img
          alt="initiativeAction"
          data-nimg="intrinsic"
          decoding="async"
          src="/images/some-action-icon.svg"
          srcset="/images/some-action-icon.svg 1x, /images/some-action-icon.svg 2x"
          style="position: absolute; top: 0px; left: 0px; bottom: 0px; right: 0px; box-sizing: border-box; padding: 0px; margin: auto; display: block; width: 0px; height: 0px; min-width: 100%; max-width: 100%; min-height: 100%; max-height: 100%;"
        />
      </span>
    </div>
    <div
      class="mt-4 text-break"
    >
      asrContributionSubtext
    </div>
  </div>
</DocumentFragment>
`;
