// Jest Snapshot v1, https://goo.gl/fbAQLP

exports[`InitiativeAction should render the component and matches it against stored snapshot 1`] = `
<DocumentFragment>
  <div
    class="action d-flex flex-column align-items-center text-center display-3"
  >
    <div
      class="actionIcon actionIconBlue d-flex rounded-circle"
    >
      <div
        style="display: inline-block; max-width: 100%; overflow: hidden; position: relative; box-sizing: border-box; margin: 0px;"
      >
        <div
          style="box-sizing: border-box; display: block; max-width: 100%;"
        >
          <img
            alt=""
            aria-hidden="true"
            src="data:image/svg+xml;base64,PHN2ZyB3aWR0aD0iMTYwIiBoZWlnaHQ9IjE2MCIgeG1sbnM9Imh0dHA6Ly93d3cudzMub3JnLzIwMDAvc3ZnIiB2ZXJzaW9uPSIxLjEiLz4="
            style="max-width: 100%; display: block; margin: 0px; padding: 0px;"
          />
        </div>
        <img
          alt="initiativeAction"
          data-nimg="intrinsic"
          decoding="async"
          src="/_next/image?url=%2Fimages%2Fsome-action-icon.svg&w=384&q=75"
          srcset="/_next/image?url=%2Fimages%2Fsome-action-icon.svg&w=256&q=75 1x, /_next/image?url=%2Fimages%2Fsome-action-icon.svg&w=384&q=75 2x"
          style="position: absolute; top: 0px; left: 0px; bottom: 0px; right: 0px; box-sizing: border-box; padding: 0px; margin: auto; display: block; width: 0px; height: 0px; min-width: 100%; max-width: 100%; min-height: 100%; max-height: 100%;"
        />
        <noscript />
      </div>
    </div>
    <div
      class="mt-4 text-break"
    >
      asrContributionSubtext
    </div>
  </div>
</DocumentFragment>
`;
