// Jest Snapshot v1, https://goo.gl/fbAQLP

exports[`FunctionalPageBackground should render the component and matches it against stored snapshot 1`] = `
<DocumentFragment>
  <section
    class="root position-relative flex-grow-1"
    data-testid="FunctionalPageBackground"
  >
    <div
      class="wrapper position-relative"
    >
      Some Content
    </div>
  </section>
</DocumentFragment>
`;
