// Jest Snapshot v1, https://goo.gl/fbAQLP

exports[`ButtonControls should render the component and matches it against stored snapshot 1`] = `
<DocumentFragment>
  <div
    class="d-flex flex-column flex-md-row justify-content-md-center align-items-center"
  >
    <button
      class="mx-md-6 order-2 order-md-1 my-2 my-md-0 light secondary btn btn-light"
      data-testid="Button"
      disabled=""
      type="button"
    >
      cancel
    </button>
    <button
      class=" position-relative d-flex flex-column align-items-center fw-bold mx-md-6 order-1 order-md-2 my-2 my-md-0 info normal btn btn-link"
      data-testid="Button"
      type="button"
    >
      <span
        style="box-sizing: border-box; display: inline-block; overflow: hidden; background: none; opacity: 1; border: 0px; margin: 0px; padding: 0px; position: relative; max-width: 100%;"
      >
        <span
          style="box-sizing: border-box; display: block; background: none; opacity: 1; border: 0px; margin: 0px; padding: 0px; max-width: 100%;"
        >
          <img
            alt=""
            aria-hidden="true"
            src="data:image/svg+xml,%3csvg%20xmlns=%27http://www.w3.org/2000/svg%27%20version=%271.1%27%20width=%2760%27%20height=%2760%27/%3e"
            style="display: block; max-width: 100%; background: none; opacity: 1; border: 0px; margin: 0px; padding: 0px;"
          />
        </span>
        <img
          alt="Play Icon"
          data-nimg="intrinsic"
          decoding="async"
          src="/images/play.svg"
          srcset="/images/play.svg 1x, /images/play.svg 2x"
          style="position: absolute; top: 0px; left: 0px; bottom: 0px; right: 0px; box-sizing: border-box; padding: 0px; margin: auto; display: block; width: 0px; height: 0px; min-width: 100%; max-width: 100%; min-height: 100%; max-height: 100%; filter: blur(20px); background-size: cover; background-image: url(/images/play.svg); background-position: 0% 0%;"
        />
      </span>
      <span
        class="mainControl display-3 position-absolute d-none d-md-block"
      >
        play
      </span>
    </button>
    <button
      class="d-none position-relative d-flex flex-column align-items-center fw-bold mx-md-6 order-1 order-md-2 my-2 my-md-0 info normal btn btn-link"
      data-testid="Button"
      type="button"
    >
      <span
        style="box-sizing: border-box; display: inline-block; overflow: hidden; background: none; opacity: 1; border: 0px; margin: 0px; padding: 0px; position: relative; max-width: 100%;"
      >
        <span
          style="box-sizing: border-box; display: block; background: none; opacity: 1; border: 0px; margin: 0px; padding: 0px; max-width: 100%;"
        >
          <img
            alt=""
            aria-hidden="true"
            src="data:image/svg+xml,%3csvg%20xmlns=%27http://www.w3.org/2000/svg%27%20version=%271.1%27%20width=%2760%27%20height=%2760%27/%3e"
            style="display: block; max-width: 100%; background: none; opacity: 1; border: 0px; margin: 0px; padding: 0px;"
          />
        </span>
        <img
          alt="Pause Icon"
          data-nimg="intrinsic"
          decoding="async"
          src="/images/pause.svg"
          srcset="/images/pause.svg 1x, /images/pause.svg 2x"
          style="position: absolute; top: 0px; left: 0px; bottom: 0px; right: 0px; box-sizing: border-box; padding: 0px; margin: auto; display: block; width: 0px; height: 0px; min-width: 100%; max-width: 100%; min-height: 100%; max-height: 100%;"
        />
      </span>
      <span
        class="mainControl display-3 position-absolute d-none d-md-block"
      >
        pause
      </span>
    </button>
    <button
      class="d-none position-relative d-flex flex-column align-items-center fw-bold mx-md-6 order-1 order-md-2 my-2 my-md-0 info normal btn btn-link"
      data-testid="Button"
      type="button"
    >
      <span
        style="box-sizing: border-box; display: inline-block; overflow: hidden; background: none; opacity: 1; border: 0px; margin: 0px; padding: 0px; position: relative; max-width: 100%;"
      >
        <span
          style="box-sizing: border-box; display: block; background: none; opacity: 1; border: 0px; margin: 0px; padding: 0px; max-width: 100%;"
        >
          <img
            alt=""
            aria-hidden="true"
            src="data:image/svg+xml,%3csvg%20xmlns=%27http://www.w3.org/2000/svg%27%20version=%271.1%27%20width=%2760%27%20height=%2760%27/%3e"
            style="display: block; max-width: 100%; background: none; opacity: 1; border: 0px; margin: 0px; padding: 0px;"
          />
        </span>
        <img
          alt="Replay Icon"
          data-nimg="intrinsic"
          decoding="async"
          src="/images/replay.svg"
          srcset="/images/replay.svg 1x, /images/replay.svg 2x"
          style="position: absolute; top: 0px; left: 0px; bottom: 0px; right: 0px; box-sizing: border-box; padding: 0px; margin: auto; display: block; width: 0px; height: 0px; min-width: 100%; max-width: 100%; min-height: 100%; max-height: 100%;"
        />
      </span>
      <span
        class="mainControl replayBtnText display-3 position-absolute d-none d-md-block"
      >
        replay
      </span>
    </button>
    <button
      class="mx-md-6 order-3 order-md-3 my-2 my-md-0 info primary btn btn-primary"
      data-testid="Button"
      disabled=""
      type="button"
    >
      submit
    </button>
  </div>
  <div
    class="d-flex justify-content-center mt-4 mt-md-13"
  >
    <button
      class="transparent tertiary btn btn-transparent"
      data-testid="Button"
      type="button"
    >
      skip
    </button>
  </div>
</DocumentFragment>
`;
