// Jest Snapshot v1, https://goo.gl/fbAQLP

exports[`IconTextButton should render the component and matches it against stored snapshot 1`] = `
<DocumentFragment>
  <div
    class="d-flex flex-column"
  >
    <div
      class="bg bg-light p-8 rounded-8 border border-1 border-primary-20 position-relative"
    >
      <img
        alt="OCR Data"
        class="img-fluid"
        src="/picsum/photos.png"
      />
    </div>
    <button
      class="display-6 ms-auto mt-1 text-primary-60 info normal btn btn-link"
      data-testid="Button"
      type="button"
    >
      expandViewText
    </button>
  </div>
</DocumentFragment>
`;
