// Jest Snapshot v1, https://goo.gl/fbAQLP

exports[`IconTextButton should render the component and matches it against stored snapshot 1`] = `
<DocumentFragment>
  <img
    alt="OCR Image Data"
    class=""
    src="/picsum/photos.png"
  />
  <button
    class="info primary btn btn-primary"
    data-testid="Button"
    type="button"
  >
    expandViewText
  </button>
</DocumentFragment>
`;
