// Jest Snapshot v1, https://goo.gl/fbAQLP

exports[`ThankYou should render the component and matches it against stored snapshot 1`] = `
<DocumentFragment>
  <div
    class="root mx-auto"
    data-testid="ThankYou"
  >
    <h2
      class="text-center"
    >
      contributeYourLanguage
    </h2>
    <section
      class="mt-8"
    />
    <section
      class="mt-8"
    >
      <div
        class="root rounded-20"
        data-testid="badgeDescriptionRow"
      >
        <div
          class="rounded-20 bg-light p-5"
        >
          <div>
            <div
              class="row"
            >
              <div
                class="pb-4 pb-md-0 col-md-4 col-12"
              >
                <div
                  class="d-md-flex text-center text-md-start h-100 align-items-md-center"
                >
                  <h4>
                    seeParticipationText
                  </h4>
                </div>
              </div>
              <div
                class="col-md-auto col-12"
              >
                <span
                  class="d-flex h-100 sep"
                />
              </div>
              <div
                class="pt-4 pt-md-0 col"
              />
            </div>
          </div>
          <div
            class="mt-4 text-center text-md-start"
          >
            <div
              class="socialShare d-inline-flex align-items-center border border-1 border-primary px-4"
            >
              <span
                class="me-3"
              >
                shareOn
              </span>
              <a
                class="socialShareLink mx-2 d-inline-block ms-0"
                href="https://www.facebook.com/sharer/sharer.php?u=/en/home&quote=socialSharingTextWithRank"
                rel="noopener noreferrer"
                target="_blank"
              >
                <span
                  style="box-sizing: border-box; display: inline-block; overflow: hidden; background: none; opacity: 1; border: 0px; margin: 0px; padding: 0px; position: relative; max-width: 100%;"
                >
                  <span
                    style="box-sizing: border-box; display: block; background: none; opacity: 1; border: 0px; margin: 0px; padding: 0px; max-width: 100%;"
                  >
                    <img
                      alt=""
                      aria-hidden="true"
                      src="data:image/svg+xml,%3csvg%20xmlns=%27http://www.w3.org/2000/svg%27%20version=%271.1%27%20width=%2724%27%20height=%2724%27/%3e"
                      style="display: block; max-width: 100%; background: none; opacity: 1; border: 0px; margin: 0px; padding: 0px;"
                    />
                  </span>
                  <img
                    alt="Share on Facebook"
                    data-nimg="intrinsic"
                    decoding="async"
                    src="/images/fb-icon.svg"
                    srcset="/images/fb-icon.svg 1x, /images/fb-icon.svg 2x"
                    style="position: absolute; top: 0px; left: 0px; bottom: 0px; right: 0px; box-sizing: border-box; padding: 0px; margin: auto; display: block; width: 0px; height: 0px; min-width: 100%; max-width: 100%; min-height: 100%; max-height: 100%;"
                  />
                  <noscript />
                </span>
              </a>
              <a
                class="socialShareLink mx-2 d-inline-block"
                href="https://www.linkedin.com/shareArticle?mini=true&url=/en/home&title=metaOGTitle&summary=socialSharingTextWithRank"
                rel="noopener noreferrer"
                target="_blank"
              >
                <span
                  style="box-sizing: border-box; display: inline-block; overflow: hidden; background: none; opacity: 1; border: 0px; margin: 0px; padding: 0px; position: relative; max-width: 100%;"
                >
                  <span
                    style="box-sizing: border-box; display: block; background: none; opacity: 1; border: 0px; margin: 0px; padding: 0px; max-width: 100%;"
                  >
                    <img
                      alt=""
                      aria-hidden="true"
                      src="data:image/svg+xml,%3csvg%20xmlns=%27http://www.w3.org/2000/svg%27%20version=%271.1%27%20width=%2724%27%20height=%2724%27/%3e"
                      style="display: block; max-width: 100%; background: none; opacity: 1; border: 0px; margin: 0px; padding: 0px;"
                    />
                  </span>
                  <img
                    alt="Share on LinkedIn"
                    data-nimg="intrinsic"
                    decoding="async"
                    src="/images/linkedin-icon.svg"
                    srcset="/images/linkedin-icon.svg 1x, /images/linkedin-icon.svg 2x"
                    style="position: absolute; top: 0px; left: 0px; bottom: 0px; right: 0px; box-sizing: border-box; padding: 0px; margin: auto; display: block; width: 0px; height: 0px; min-width: 100%; max-width: 100%; min-height: 100%; max-height: 100%;"
                  />
                  <noscript />
                </span>
              </a>
              <a
                class="socialShareLink mx-2 d-inline-block"
                href="https://twitter.com/intent/tweet?text=socialSharingTextWithRank"
                rel="noopener noreferrer"
                target="_blank"
              >
                <span
                  style="box-sizing: border-box; display: inline-block; overflow: hidden; background: none; opacity: 1; border: 0px; margin: 0px; padding: 0px; position: relative; max-width: 100%;"
                >
                  <span
                    style="box-sizing: border-box; display: block; background: none; opacity: 1; border: 0px; margin: 0px; padding: 0px; max-width: 100%;"
                  >
                    <img
                      alt=""
                      aria-hidden="true"
                      src="data:image/svg+xml,%3csvg%20xmlns=%27http://www.w3.org/2000/svg%27%20version=%271.1%27%20width=%2724%27%20height=%2724%27/%3e"
                      style="display: block; max-width: 100%; background: none; opacity: 1; border: 0px; margin: 0px; padding: 0px;"
                    />
                  </span>
                  <img
                    alt="Share on Twitter"
                    data-nimg="intrinsic"
                    decoding="async"
                    src="/images/twitter-icon.svg"
                    srcset="/images/twitter-icon.svg 1x, /images/twitter-icon.svg 2x"
                    style="position: absolute; top: 0px; left: 0px; bottom: 0px; right: 0px; box-sizing: border-box; padding: 0px; margin: auto; display: block; width: 0px; height: 0px; min-width: 100%; max-width: 100%; min-height: 100%; max-height: 100%;"
                  />
                  <noscript />
                </span>
              </a>
              <a
                class="socialShareLink mx-2 d-inline-block me-0"
                href="https://api.whatsapp.com/send?text=socialSharingTextWithRank"
                rel="noopener noreferrer"
                target="_blank"
              >
                <span
                  style="box-sizing: border-box; display: inline-block; overflow: hidden; background: none; opacity: 1; border: 0px; margin: 0px; padding: 0px; position: relative; max-width: 100%;"
                >
                  <span
                    style="box-sizing: border-box; display: block; background: none; opacity: 1; border: 0px; margin: 0px; padding: 0px; max-width: 100%;"
                  >
                    <img
                      alt=""
                      aria-hidden="true"
                      src="data:image/svg+xml,%3csvg%20xmlns=%27http://www.w3.org/2000/svg%27%20version=%271.1%27%20width=%2724%27%20height=%2724%27/%3e"
                      style="display: block; max-width: 100%; background: none; opacity: 1; border: 0px; margin: 0px; padding: 0px;"
                    />
                  </span>
                  <img
                    alt="Share on Whatsapp"
                    data-nimg="intrinsic"
                    decoding="async"
                    src="/images/whatsapp.svg"
                    srcset="/images/whatsapp.svg 1x, /images/whatsapp.svg 2x"
                    style="position: absolute; top: 0px; left: 0px; bottom: 0px; right: 0px; box-sizing: border-box; padding: 0px; margin: auto; display: block; width: 0px; height: 0px; min-width: 100%; max-width: 100%; min-height: 100%; max-height: 100%;"
                  />
                  <noscript />
                </span>
              </a>
            </div>
          </div>
        </div>
      </div>
    </section>
  </div>
  <section
    class="bar mt-8 mt-md-12"
  >
    <div
      class="root d-flex align-items-md-center flex-column flex-md-row mx-auto justify-content-md-between p-5 py-md-4 px-md-5 bg-light text-center text-md-start"
    >
      <div
        class="d-flex flex-column flex-md-row align-items-md-center"
      >
        <div
          class="d-flex justify-content-center"
        />
        <p
          class="text mt-3 mt-md-0 ms-md-3 display-4"
        >
          ttsContributeRemainingText
        </p>
        <div
          class="disabled d-flex justify-content-center mt-4 mt-md-0 mb-3 mb-md-0"
        >
          <div
            class="medal upcomingBadge  d-flex mx-2 flex-shrink-0"
          >
            <span
              style="box-sizing: border-box; display: inline-block; overflow: hidden; background: none; opacity: 1; border: 0px; margin: 0px; padding: 0px; position: relative; max-width: 100%;"
            >
              <span
                style="box-sizing: border-box; display: block; background: none; opacity: 1; border: 0px; margin: 0px; padding: 0px; max-width: 100%;"
              >
                <img
                  alt=""
                  aria-hidden="true"
                  src="data:image/svg+xml,%3csvg%20xmlns=%27http://www.w3.org/2000/svg%27%20version=%271.1%27%20width=%2748%27%20height=%2760%27/%3e"
                  style="display: block; max-width: 100%; background: none; opacity: 1; border: 0px; margin: 0px; padding: 0px;"
                />
              </span>
              <img
                alt="Bronze Badge"
                data-nimg="intrinsic"
                decoding="async"
                src="/images/vakyansh/en/badges/en_tts_bronze_contribute.svg"
                srcset="/images/vakyansh/en/badges/en_tts_bronze_contribute.svg 1x, /images/vakyansh/en/badges/en_tts_bronze_contribute.svg 2x"
                style="position: absolute; top: 0px; left: 0px; bottom: 0px; right: 0px; box-sizing: border-box; padding: 0px; margin: auto; display: block; width: 0px; height: 0px; min-width: 100%; max-width: 100%; min-height: 100%; max-height: 100%;"
              />
              <noscript />
            </span>
          </div>
          <div
            class="medal otherBadges  d-flex mx-2 flex-shrink-0"
          >
            <span
              style="box-sizing: border-box; display: inline-block; overflow: hidden; background: none; opacity: 1; border: 0px; margin: 0px; padding: 0px; position: relative; max-width: 100%;"
            >
              <span
                style="box-sizing: border-box; display: block; background: none; opacity: 1; border: 0px; margin: 0px; padding: 0px; max-width: 100%;"
              >
                <img
                  alt=""
                  aria-hidden="true"
                  src="data:image/svg+xml,%3csvg%20xmlns=%27http://www.w3.org/2000/svg%27%20version=%271.1%27%20width=%2748%27%20height=%2760%27/%3e"
                  style="display: block; max-width: 100%; background: none; opacity: 1; border: 0px; margin: 0px; padding: 0px;"
                />
              </span>
              <img
                alt="Bronze Badge"
                data-nimg="intrinsic"
                decoding="async"
                src="/images/vakyansh/en/badges/en_tts_silver_contribute.svg"
                srcset="/images/vakyansh/en/badges/en_tts_silver_contribute.svg 1x, /images/vakyansh/en/badges/en_tts_silver_contribute.svg 2x"
                style="position: absolute; top: 0px; left: 0px; bottom: 0px; right: 0px; box-sizing: border-box; padding: 0px; margin: auto; display: block; width: 0px; height: 0px; min-width: 100%; max-width: 100%; min-height: 100%; max-height: 100%;"
              />
              <noscript />
            </span>
          </div>
          <div
            class="medal otherBadges  d-flex mx-2 flex-shrink-0"
          >
            <span
              style="box-sizing: border-box; display: inline-block; overflow: hidden; background: none; opacity: 1; border: 0px; margin: 0px; padding: 0px; position: relative; max-width: 100%;"
            >
              <span
                style="box-sizing: border-box; display: block; background: none; opacity: 1; border: 0px; margin: 0px; padding: 0px; max-width: 100%;"
              >
                <img
                  alt=""
                  aria-hidden="true"
                  src="data:image/svg+xml,%3csvg%20xmlns=%27http://www.w3.org/2000/svg%27%20version=%271.1%27%20width=%2748%27%20height=%2760%27/%3e"
                  style="display: block; max-width: 100%; background: none; opacity: 1; border: 0px; margin: 0px; padding: 0px;"
                />
              </span>
              <img
                alt="Bronze Badge"
                data-nimg="intrinsic"
                decoding="async"
                src="/images/vakyansh/en/badges/en_tts_gold_contribute.svg"
                srcset="/images/vakyansh/en/badges/en_tts_gold_contribute.svg 1x, /images/vakyansh/en/badges/en_tts_gold_contribute.svg 2x"
                style="position: absolute; top: 0px; left: 0px; bottom: 0px; right: 0px; box-sizing: border-box; padding: 0px; margin: auto; display: block; width: 0px; height: 0px; min-width: 100%; max-width: 100%; min-height: 100%; max-height: 100%;"
              />
              <noscript />
            </span>
          </div>
          <div
            class="medal otherBadges  d-flex mx-2 flex-shrink-0"
          >
            <span
              style="box-sizing: border-box; display: inline-block; overflow: hidden; background: none; opacity: 1; border: 0px; margin: 0px; padding: 0px; position: relative; max-width: 100%;"
            >
              <span
                style="box-sizing: border-box; display: block; background: none; opacity: 1; border: 0px; margin: 0px; padding: 0px; max-width: 100%;"
              >
                <img
                  alt=""
                  aria-hidden="true"
                  src="data:image/svg+xml,%3csvg%20xmlns=%27http://www.w3.org/2000/svg%27%20version=%271.1%27%20width=%2748%27%20height=%2760%27/%3e"
                  style="display: block; max-width: 100%; background: none; opacity: 1; border: 0px; margin: 0px; padding: 0px;"
                />
              </span>
              <img
                alt="Bronze Badge"
                data-nimg="intrinsic"
                decoding="async"
                src="/images/vakyansh/en/badges/en_tts_platinum_contribute.svg"
                srcset="/images/vakyansh/en/badges/en_tts_platinum_contribute.svg 1x, /images/vakyansh/en/badges/en_tts_platinum_contribute.svg 2x"
                style="position: absolute; top: 0px; left: 0px; bottom: 0px; right: 0px; box-sizing: border-box; padding: 0px; margin: auto; display: block; width: 0px; height: 0px; min-width: 100%; max-width: 100%; min-height: 100%; max-height: 100%;"
              />
              <noscript />
            </span>
          </div>
        </div>
        <a
          class="text mt-4 mt-md-0 display-5 ms-md-3 flex-shrink-0"
          href="/badge-detail?initiative=asr&language=English&source=contribute&badge=bronze"
        >
          <b>
            knowMore
          </b>
        </a>
      </div>
      <button
        class="mt-8 mt-md-0 ms-md-3 info primary btn btn-primary"
        data-testid="Button"
        type="button"
      >
        contributeMore
      </button>
    </div>
  </section>
</DocumentFragment>
`;
