// Jest Snapshot v1, https://goo.gl/fbAQLP

exports[`ContributionStats should render the component and matches it against stored snapshot 1`] = `
<DocumentFragment>
  <div
    data-testid="ContributionStats"
  >
     
    <div
      class="mt-4 mt-md-5"
    >
      <div
        class="root bg-info px-7 px-md-0 py-md-7"
      >
        <div
          class="row"
          data-testid="StatsRow"
        >
          <div
            class="stat col-md-3 col-12"
          >
            <div
              class="d-flex flex-column align-items-center py-7 py-md-0"
            >
              <span
                class="count text-warning display-1"
              >
                <div
                  class="spinner-border text-light"
                  data-testid="StatsSpinner"
                />
              </span>
              <span
                class="text-light mt-1 display-3 text-center"
              >
                SUNO INDIA
              </span>
            </div>
          </div>
          <div
            class="stat col-md-3 col-12"
          >
            <div
              class="d-flex flex-column align-items-center py-7 py-md-0"
            >
              <span
                class="count text-warning display-1"
              >
                <div
                  class="spinner-border text-light"
                  data-testid="StatsSpinner"
                />
              </span>
              <span
                class="text-light mt-1 display-3 text-center"
              >
                BOLO INDIA
              </span>
            </div>
          </div>
          <div
            class="stat col-md-3 col-12"
          >
            <div
              class="d-flex flex-column align-items-center py-7 py-md-0"
            >
              <span
                class="count text-warning display-1"
              >
                <div
                  class="spinner-border text-light"
                  data-testid="StatsSpinner"
                />
              </span>
              <span
                class="text-light mt-1 display-3 text-center"
              >
                LIKHO INDIA
              </span>
            </div>
          </div>
          <div
            class="stat col-md-3 col-12"
          >
            <div
              class="d-flex flex-column align-items-center py-7 py-md-0"
            >
              <span
                class="count text-warning display-1"
              >
                <div
                  class="spinner-border text-light"
                  data-testid="StatsSpinner"
                />
              </span>
              <span
                class="text-light mt-1 display-3 text-center"
              >
                DEKHO INDIA
              </span>
            </div>
          </div>
        </div>
      </div>
    </div>
  </div>
</DocumentFragment>
`;
