// Jest Snapshot v1, https://goo.gl/fbAQLP

exports[`ContributionStats should render the component and matches it against stored snapshot 1`] = `
<DocumentFragment>
  <div>
    <header
      class="d-flex flex-column align-items-center flex-md-row justify-content-md-between"
    >
      <h1
        class="header mb-0"
      >
        totalParticipation
      </h1>
    </header>
    <div
      class="mt-4 mt-md-5"
    >
      Stats
    </div>
  </div>
</DocumentFragment>
`;
