// Jest Snapshot v1, https://goo.gl/fbAQLP

exports[`ContributionStats should render the component and matches it against stored snapshot 1`] = `
<DocumentFragment>
  <div
    data-testid="ContributionStats"
  >
    <header
      class="d-flex flex-column"
    >
      <h3
        class="w-100 mb-4"
      >
        Header
      </h3>
      <span
        class="font-family-rowdies display-3 mb-0"
      >
        Sub Header
      </span>
    </header>
    <div
      class="mt-4 mt-md-5"
    >
      <div
        class="root rounded-20 bg-info px-7 px-md-0 py-md-7"
      >
        <div
          class="m-md-0 row"
          data-testid="StatsRow"
        >
          <div
            class="stat col-md-3 col-12"
          >
            <div
              class="d-flex flex-column align-items-center py-7 py-md-0"
            >
              <span
                class="count text-warning display-1"
              >
                2
              </span>
              <span
                class="text-light mt-1 display-3 text-center"
              >
                languages
              </span>
            </div>
          </div>
          <div
            class="stat col-md-3 col-12"
          >
            <div
              class="d-flex flex-column align-items-center py-7 py-md-0"
            >
              <span
                class="count text-warning display-1"
              >
                9
              </span>
              <span
                class="text-light mt-1 display-3 text-center"
              >
                peopleParticipated
              </span>
            </div>
          </div>
          <div
            class="stat col-md-3 col-12"
          >
            <div
              class="d-flex flex-column align-items-center py-7 py-md-0"
            >
              <span
                class="count text-warning display-1"
              >
                1 minutes1
              </span>
              <span
                class="text-light mt-1 display-3 text-center"
              >
                durationTranscribed
              </span>
            </div>
          </div>
          <div
            class="stat col-md-3 col-12"
          >
            <div
              class="d-flex flex-column align-items-center py-7 py-md-0"
            >
              <span
                class="count text-warning display-1"
              >
                7 seconds1
              </span>
              <span
                class="text-light mt-1 display-3 text-center"
              >
                durationValidated
              </span>
            </div>
          </div>
        </div>
      </div>
    </div>
  </div>
</DocumentFragment>
`;
