// Jest Snapshot v1, https://goo.gl/fbAQLP

exports[`BronzeContribute should render the component and matches it against stored snapshot 1`] = `
<DocumentFragment>
  <div
    class="root bg-secondary text-center text-md-start"
    data-testid="BronzeContribute"
  >
    <div
      class="p-3 py-md-5 px-md-10"
    >
      <div
        class="row"
      >
        <div
          class="col-md-2 col-12"
        >
          <div
            style="display: inline-block; max-width: 100%; overflow: hidden; position: relative; box-sizing: border-box; margin: 0px;"
          >
            <div
              style="box-sizing: border-box; display: block; max-width: 100%;"
            >
              <img
                alt=""
                aria-hidden="true"
                src="data:image/svg+xml;base64,PHN2ZyB3aWR0aD0iMTI1IiBoZWlnaHQ9IjE2MCIgeG1sbnM9Imh0dHA6Ly93d3cudzMub3JnLzIwMDAvc3ZnIiB2ZXJzaW9uPSIxLjEiLz4="
                style="max-width: 100%; display: block; margin: 0px; padding: 0px;"
              />
            </div>
            <img
              alt="Bronze Badge en"
              data-nimg="intrinsic"
              decoding="async"
              src="data:image/gif;base64,R0lGODlhAQABAIAAAAAAAP///yH5BAEAAAAALAAAAAABAAEAAAIBRAA7"
              style="position: absolute; top: 0px; left: 0px; bottom: 0px; right: 0px; box-sizing: border-box; padding: 0px; margin: auto; display: block; width: 0px; height: 0px; min-width: 100%; max-width: 100%; min-height: 100%; max-height: 100%;"
            />
            <noscript />
          </div>
        </div>
        <div
          class="col-md-10 col-12"
        >
          <h2
            class="mt-1 mt-md-0"
          >
            bronzeBhashaSamarthakBadge
          </h2>
          <p
            class="text display-3 mt-5 mt-md-3 mb-0"
          >
            bronzeContributeFive
          </p>
          <div
            class="fx-bold d-flex flex-wrap justify-content-center justify-content-md-start mt-6"
          >
            <a
              class="link rounded-24 bg-primary border-0 text-light display-4 d-flex align-items-center justify-content-center text-uppercase"
              data-testid="sunoHome"
              href="/sunoIndia/home"
            >
              suno india
            </a>
            <a
              class="link rounded-24 bg-primary border-0 text-light display-4 d-flex align-items-center justify-content-center text-uppercase"
              data-testid="boloHome"
              href="/boloIndia/home"
            >
              bolo india
            </a>
            <a
              class="link rounded-24 bg-primary border-0 text-light display-4 d-flex align-items-center justify-content-center text-uppercase"
              data-testid="likhoHome"
              href="/likhoIndia/home"
            >
              likho india
            </a>
            <a
              class="link rounded-24 bg-primary border-0 text-light display-4 d-flex align-items-center justify-content-center text-uppercase"
              data-testid="dekhoHome"
              href="/dekhoIndia/home"
            >
              dekho india
            </a>
          </div>
        </div>
      </div>
    </div>
    <div
      class="border d-flex"
    >
      <span
        class="orange"
      >
         
      </span>
      <span
        class="blue"
      >
         
      </span>
      <span
        class="green"
      >
         
      </span>
    </div>
  </div>
</DocumentFragment>
`;
