// Jest Snapshot v1, https://goo.gl/fbAQLP

exports[`OcrContribute should render the component and matches it against stored snapshot 1`] = `
<DocumentFragment>
  <div
    class="root d-none d-md-block d-lg-flex flex-wrap position-relative align-items-md-center bg-secondary px-3 ps-md-6 pe-md-12 py-3 border-bottom border-1 border-primary-10"
    data-testid="ChromeExtension"
  >
    <span
      class="fst-italic me-5"
    >
      chromeExtensionLabel
    </span>
    <div
      class="d-flex align-items-center mt-md-2 mt-lg-0"
    >
      <a
        class="flex-shrink-0"
        href="https://chrome.google.com/webstore/detail/google-input-tools/mclkkofklkfljcocdinagocijmpgbhab"
        rel="noreferrer"
        target="_blank"
      >
        installNow
      </a>
      <span
        class="sep d-flex border border-start-0 border-primary w-0 mx-5"
      />
      <button
        class="ceBtn flex-shrink-0 light secondary btn btn-light"
        data-testid="Button"
        type="button"
      >
        watchTheVideo
      </button>
    </div>
    <button
      class="close d-flex position-absolute cursor info normal btn btn-link"
      data-testid="Button"
      type="button"
    >
      <span
        style="box-sizing: border-box; display: inline-block; overflow: hidden; background: none; opacity: 1; border: 0px; margin: 0px; padding: 0px; position: relative; max-width: 100%;"
      >
        <span
          style="box-sizing: border-box; display: block; background: none; opacity: 1; border: 0px; margin: 0px; padding: 0px; max-width: 100%;"
        >
          <img
            alt=""
            aria-hidden="true"
            src="data:image/svg+xml,%3csvg%20xmlns=%27http://www.w3.org/2000/svg%27%20version=%271.1%27%20width=%2720%27%20height=%2720%27/%3e"
            style="display: block; max-width: 100%; background: none; opacity: 1; border: 0px; margin: 0px; padding: 0px;"
          />
        </span>
        <img
          alt="Close Chrome Extension"
          data-nimg="intrinsic"
          decoding="async"
          src="/images/close.svg"
          srcset="/images/close.svg 1x, /images/close.svg 2x"
          style="position: absolute; top: 0px; left: 0px; bottom: 0px; right: 0px; box-sizing: border-box; padding: 0px; margin: auto; display: block; width: 0px; height: 0px; min-width: 100%; max-width: 100%; min-height: 100%; max-height: 100%;"
        />
        <noscript />
      </span>
    </button>
  </div>
  <div
    class="pt-4 px-2 px-lg-0 pb-8"
  >
    <header>
      <div
        class="d-lg-flex justify-content-lg-between align-items-lg-center px-3 px-md-3 px-lg-6"
      >
        <div
          class="root d-flex align-items-center"
          data-testid="Breadcrumbs"
        >
          <a
            class="link"
            href="/ocr-initiative"
          >
            <div
              class="d-flex align-items-center cursor-pointer"
            >
              <div
                class="icon d-flex"
              >
                <span
                  style="box-sizing: border-box; display: inline-block; overflow: hidden; background: none; opacity: 1; border: 0px; margin: 0px; padding: 0px; position: relative; max-width: 100%;"
                >
                  <span
                    style="box-sizing: border-box; display: block; background: none; opacity: 1; border: 0px; margin: 0px; padding: 0px; max-width: 100%;"
                  >
                    <img
                      alt=""
                      aria-hidden="true"
                      src="data:image/svg+xml,%3csvg%20xmlns=%27http://www.w3.org/2000/svg%27%20version=%271.1%27%20width=%2747%27%20height=%2742%27/%3e"
                      style="display: block; max-width: 100%; background: none; opacity: 1; border: 0px; margin: 0px; padding: 0px;"
                    />
                  </span>
                  <img
                    alt="ocrLogo"
                    data-nimg="intrinsic"
                    decoding="async"
                    src="/images/vakyansh/en/logos/en-ocrInitiativeLogo.svg"
                    srcset="/images/vakyansh/en/logos/en-ocrInitiativeLogo.svg 1x, /images/vakyansh/en/logos/en-ocrInitiativeLogo.svg 2x"
                    style="position: absolute; top: 0px; left: 0px; bottom: 0px; right: 0px; box-sizing: border-box; padding: 0px; margin: auto; display: block; width: 0px; height: 0px; min-width: 100%; max-width: 100%; min-height: 100%; max-height: 100%;"
                  />
                  <noscript />
                </span>
              </div>
              <span
                class="initiative d-none d-md-block ms-1 ms-md-3 font-family-rowdies"
              >
                ocr initiativeTextSuffix
              </span>
            </div>
          </a>
          <span
            class="mx-1 mx-md-3 text-primary-40"
          >
            /
          </span>
          <span
            class="display-5"
          >
            label
          </span>
        </div>
        <div
          class="d-flex justify-content-end mt-1 mt-md-3 mt-lg-0"
        >
          <div>
            <button
              class="root rounded d-flex align-items-center px-3 text-primary text-decoration-none info normal btn btn-link"
              data-testid="reportIconAlt_button"
              id="report"
              type="button"
            >
              <span
                style="box-sizing: border-box; display: inline-block; overflow: hidden; background: none; opacity: 1; border: 0px; margin: 0px; padding: 0px; position: relative; max-width: 100%;"
              >
                <span
                  style="box-sizing: border-box; display: block; background: none; opacity: 1; border: 0px; margin: 0px; padding: 0px; max-width: 100%;"
                >
                  <img
                    alt=""
                    aria-hidden="true"
                    src="data:image/svg+xml,%3csvg%20xmlns=%27http://www.w3.org/2000/svg%27%20version=%271.1%27%20width=%2724%27%20height=%2724%27/%3e"
                    style="display: block; max-width: 100%; background: none; opacity: 1; border: 0px; margin: 0px; padding: 0px;"
                  />
                </span>
                <img
                  alt="reportIconAlt"
                  data-nimg="intrinsic"
                  decoding="async"
                  src="/images/report.svg"
                  srcset="/images/report.svg 1x, /images/report.svg 2x"
                  style="position: absolute; top: 0px; left: 0px; bottom: 0px; right: 0px; box-sizing: border-box; padding: 0px; margin: auto; display: block; width: 0px; height: 0px; min-width: 100%; max-width: 100%; min-height: 100%; max-height: 100%;"
                />
                <noscript />
              </span>
              <span
                class="text ms-2 d-none d-md-block"
              >
                report
              </span>
            </button>
          </div>
        </div>
      </div>
    </header>
    <div
      class="mt-5 container-lg"
    >
      <div
        class="root"
        data-testid="OcrContribute"
      >
        <div
          class="align-items-center text-center"
        >
          <span
            class="display-3"
          >
            ocrContributionHeading
          </span>
        </div>
        <div
          class="mt-2 mt-md-4"
        >
          <div
            class="position-relative"
            data-testid="ImageView"
          >
            <div
              class="bg bg-light p-3 rounded-8 border border-1 border-primary-20 position-relative overflow-auto"
            >
              <img
                alt="OCR Data"
                class="img-fluid"
                src="/inbound%2Focr%2FHindi%2Ftest.png"
              />
            </div>
            <div
              class="expandText d-flex justify-content-end"
            >
              <button
                class="display-6 ms-auto mt-1 text-primary-60 info normal btn btn-link"
                data-testid="ExpandView"
                type="button"
              >
                expandViewText
              </button>
            </div>
          </div>
        </div>
        <div
          class="mt-4 mt-md-8"
        >
          <div
            class="position-relative p-4 addText rounded-8"
            data-testid="TextEditArea"
          >
            <div
              class="false"
            >
              <div>
                <label
                  class="textareaLabel display-6 form-label"
                  for="addText"
                >
                  addText (hindi)
                </label>
                <textarea
                  class="textarea border-0 p-0 display-3 form-control"
                  id="addText"
                  placeholder="typingPlaceholder"
                />
              </div>
              <div
                class="keyboardIcon d-none  d-md-block  position-absolute"
              >
                <button
                  class="d-flex info normal btn btn-link"
                  data-testid="Button"
                  type="button"
                >
                  <span
                    style="box-sizing: border-box; display: inline-block; overflow: hidden; background: none; opacity: 1; border: 0px; margin: 0px; padding: 0px; position: relative; max-width: 100%;"
                  >
                    <span
                      style="box-sizing: border-box; display: block; background: none; opacity: 1; border: 0px; margin: 0px; padding: 0px; max-width: 100%;"
                    >
                      <img
                        alt=""
                        aria-hidden="true"
                        src="data:image/svg+xml,%3csvg%20xmlns=%27http://www.w3.org/2000/svg%27%20version=%271.1%27%20width=%2724%27%20height=%2724%27/%3e"
                        style="display: block; max-width: 100%; background: none; opacity: 1; border: 0px; margin: 0px; padding: 0px;"
                      />
                    </span>
                    <img
                      alt="keyboardBtn"
                      data-nimg="intrinsic"
                      decoding="async"
                      src="/images/keyboard_icon.svg"
                      srcset="/images/keyboard_icon.svg 1x, /images/keyboard_icon.svg 2x"
                      style="position: absolute; top: 0px; left: 0px; bottom: 0px; right: 0px; box-sizing: border-box; padding: 0px; margin: auto; display: block; width: 0px; height: 0px; min-width: 100%; max-width: 100%; min-height: 100%; max-height: 100%;"
                    />
                    <noscript />
                  </span>
                </button>
              </div>
            </div>
          </div>
        </div>
        <div
          class="mt-9 mt-md-12"
        >
          <div
            class="d-flex flex-column flex-md-row justify-content-md-center align-items-center"
          >
            <button
              class="mx-md-6 order-2 order-md-1 my-2 my-md-0 light secondary btn btn-light"
              data-testid="Button"
              disabled=""
              type="button"
            >
              cancel
            </button>
            <button
              class="d-none position-relative d-flex flex-column align-items-center fw-bold mx-md-6 order-1 order-md-2 my-2 my-md-0 info normal btn btn-link"
              data-testid="Button"
              type="button"
            >
              <span
                style="box-sizing: border-box; display: inline-block; overflow: hidden; background: none; opacity: 1; border: 0px; margin: 0px; padding: 0px; position: relative; max-width: 100%;"
              >
                <span
                  style="box-sizing: border-box; display: block; background: none; opacity: 1; border: 0px; margin: 0px; padding: 0px; max-width: 100%;"
                >
                  <img
                    alt=""
                    aria-hidden="true"
                    src="data:image/svg+xml,%3csvg%20xmlns=%27http://www.w3.org/2000/svg%27%20version=%271.1%27%20width=%2760%27%20height=%2760%27/%3e"
                    style="display: block; max-width: 100%; background: none; opacity: 1; border: 0px; margin: 0px; padding: 0px;"
                  />
                </span>
                <img
                  alt="Play Icon"
                  data-nimg="intrinsic"
                  decoding="async"
                  src="/images/play.svg"
                  srcset="/images/play.svg 1x, /images/play.svg 2x"
                  style="position: absolute; top: 0px; left: 0px; bottom: 0px; right: 0px; box-sizing: border-box; padding: 0px; margin: auto; display: block; width: 0px; height: 0px; min-width: 100%; max-width: 100%; min-height: 100%; max-height: 100%; filter: blur(20px); background-size: cover; background-image: url(/images/play.svg); background-position: 0% 0%;"
                />
              </span>
              <span
                class="mainControl display-3 position-absolute d-none d-md-block"
              >
                play
              </span>
            </button>
            <button
              class="d-none position-relative d-flex flex-column align-items-center fw-bold mx-md-6 order-1 order-md-2 my-2 my-md-0 info normal btn btn-link"
              data-testid="Button"
              type="button"
            >
              <span
                style="box-sizing: border-box; display: inline-block; overflow: hidden; background: none; opacity: 1; border: 0px; margin: 0px; padding: 0px; position: relative; max-width: 100%;"
              >
                <span
                  style="box-sizing: border-box; display: block; background: none; opacity: 1; border: 0px; margin: 0px; padding: 0px; max-width: 100%;"
                >
                  <img
                    alt=""
                    aria-hidden="true"
                    src="data:image/svg+xml,%3csvg%20xmlns=%27http://www.w3.org/2000/svg%27%20version=%271.1%27%20width=%2760%27%20height=%2760%27/%3e"
                    style="display: block; max-width: 100%; background: none; opacity: 1; border: 0px; margin: 0px; padding: 0px;"
                  />
                </span>
                <img
                  alt="Pause Icon"
                  data-nimg="intrinsic"
                  decoding="async"
                  src="/images/pause.svg"
                  srcset="/images/pause.svg 1x, /images/pause.svg 2x"
                  style="position: absolute; top: 0px; left: 0px; bottom: 0px; right: 0px; box-sizing: border-box; padding: 0px; margin: auto; display: block; width: 0px; height: 0px; min-width: 100%; max-width: 100%; min-height: 100%; max-height: 100%;"
                />
              </span>
              <span
                class="mainControl display-3 position-absolute d-none d-md-block"
              >
                pause
              </span>
            </button>
            <button
              class="d-none position-relative d-flex flex-column align-items-center fw-bold mx-md-6 order-1 order-md-2 my-2 my-md-0 info normal btn btn-link"
              data-testid="Button"
              type="button"
            >
              <span
                style="box-sizing: border-box; display: inline-block; overflow: hidden; background: none; opacity: 1; border: 0px; margin: 0px; padding: 0px; position: relative; max-width: 100%;"
              >
                <span
                  style="box-sizing: border-box; display: block; background: none; opacity: 1; border: 0px; margin: 0px; padding: 0px; max-width: 100%;"
                >
                  <img
                    alt=""
                    aria-hidden="true"
                    src="data:image/svg+xml,%3csvg%20xmlns=%27http://www.w3.org/2000/svg%27%20version=%271.1%27%20width=%2760%27%20height=%2760%27/%3e"
                    style="display: block; max-width: 100%; background: none; opacity: 1; border: 0px; margin: 0px; padding: 0px;"
                  />
                </span>
                <img
                  alt="Replay Icon"
                  data-nimg="intrinsic"
                  decoding="async"
                  src="/images/replay.svg"
                  srcset="/images/replay.svg 1x, /images/replay.svg 2x"
                  style="position: absolute; top: 0px; left: 0px; bottom: 0px; right: 0px; box-sizing: border-box; padding: 0px; margin: auto; display: block; width: 0px; height: 0px; min-width: 100%; max-width: 100%; min-height: 100%; max-height: 100%;"
                />
              </span>
              <span
                class="mainControl replayBtnText display-3 position-absolute d-none d-md-block"
              >
                replay
              </span>
            </button>
            <button
              class="mx-md-6 order-3 order-md-3 my-2 my-md-0 info primary btn btn-primary"
              data-testid="Button"
              disabled=""
              type="button"
            >
              submit
            </button>
          </div>
          <div
            class="d-flex justify-content-center mt-4 mt-md-13"
          >
            <button
              class="transparent tertiary btn btn-transparent"
              data-testid="Button"
              type="button"
            >
              skip
            </button>
          </div>
        </div>
        <div
          class="d-flex align-items-center mt-10 mt-md-14"
        >
          <div
            class="flex-grow-1"
          >
            <div
              class="progress progress"
            >
              <div
                aria-valuemax="100"
                aria-valuemin="0"
                aria-valuenow="20"
                class="progress-bar bg-primary"
                role="progressbar"
                style="width: 20%;"
              />
            </div>
          </div>
          <span
            class="ms-5"
          >
            1/5
          </span>
        </div>
      </div>
    </div>
  </div>
</DocumentFragment>
`;
