// Jest Snapshot v1, https://goo.gl/fbAQLP

exports[`Header should render the component and matches it against stored snapshot 1`] = `
<DocumentFragment>
  <header
    class="root d-flex bg-light text-primary p-0 position-sticky w-100"
    data-testid="Header"
    role="banner"
  >
    <div
      class="d-flex order-1 order-lg-2"
    >
      <div>
        <nav
          class="d-flex align-items-stretch h-100 p-0 navbar navbar-expand-lg navbar-light"
          data-testid="Navigation"
        >
          <button
            aria-label="Toggle navigation"
            class="toggle align-items-center border-0 flex-column justify-content-center p-0 navbar-toggler collapsed"
            type="button"
          >
            <span
              class="toggleBar bg-primary position-relative mt-1"
            />
            <span
              class="toggleBar bg-primary position-relative mt-1"
            />
            <span
              class="toggleBar bg-primary position-relative mt-1"
            />
          </button>
          <div
            class="collapse align-items-stretch bg-light py-2 p-lg-0 navbar-collapse collapse"
          >
            <div
              class="root navbar-nav"
              data-testid="NavigationList"
            >
              <a
                class="link d-flex align-items-center text-primary display-5 p-4 px-xl-5 py-xl-0 nav-link"
                data-rr-ui-event-key="/sunoIndia/home"
                href="/sunoIndia/home"
              >
                suno india
              </a>
              <a
                class="link d-flex align-items-center text-primary display-5 p-4 px-xl-5 py-xl-0 nav-link"
                data-rr-ui-event-key="/boloIndia/home.html"
                href="/boloIndia/home.html"
              >
                bolo india
              </a>
              <a
                class="link d-flex align-items-center text-primary display-5 p-4 px-xl-5 py-xl-0 nav-link"
                data-rr-ui-event-key="/likhoIndia/home.html"
                href="/likhoIndia/home.html"
              >
                likho india
              </a>
              <a
                class="link d-flex align-items-center text-primary display-5 p-4 px-xl-5 py-xl-0 nav-link"
                data-rr-ui-event-key="/dekhoIndia/home.html"
                href="/dekhoIndia/home.html"
              >
                dekho india
              </a>
            </div>
          </div>
        </nav>
      </div>
    </div>
    <div
      class="d-flex order-2 order-lg-1"
    >
      <div
        class="d-flex"
        data-testid="Logo"
      >
        <a
          class="d-flex align-items-center d-md-none"
          href="/"
        >
          <div
            style="display: inline-block; max-width: 100%; overflow: hidden; position: relative; box-sizing: border-box; margin: 0px;"
          >
            <div
              style="box-sizing: border-box; display: block; max-width: 100%;"
            >
              <img
                alt=""
                aria-hidden="true"
                src="data:image/svg+xml;base64,PHN2ZyB3aWR0aD0iNDgiIGhlaWdodD0iNDgiIHhtbG5zPSJodHRwOi8vd3d3LnczLm9yZy8yMDAwL3N2ZyIgdmVyc2lvbj0iMS4xIi8+"
                style="max-width: 100%; display: block; margin: 0px; padding: 0px;"
              />
            </div>
            <img
              alt="bhashiniLogo"
              data-nimg="intrinsic"
              decoding="async"
              src="data:image/gif;base64,R0lGODlhAQABAIAAAAAAAP///yH5BAEAAAAALAAAAAABAAEAAAIBRAA7"
              style="position: absolute; top: 0px; left: 0px; bottom: 0px; right: 0px; box-sizing: border-box; padding: 0px; margin: auto; display: block; width: 0px; height: 0px; min-width: 100%; max-width: 100%; min-height: 100%; max-height: 100%;"
            />
            <noscript />
          </div>
        </a>
        <a
          class="d-none align-items-center d-md-flex"
          href="/"
        >
          <div
            style="display: inline-block; max-width: 100%; overflow: hidden; position: relative; box-sizing: border-box; margin: 0px;"
          >
            <div
              style="box-sizing: border-box; display: block; max-width: 100%;"
            >
              <img
                alt=""
                aria-hidden="true"
                src="data:image/svg+xml;base64,PHN2ZyB3aWR0aD0iMTkyIiBoZWlnaHQ9IjcwIiB4bWxucz0iaHR0cDovL3d3dy53My5vcmcvMjAwMC9zdmciIHZlcnNpb249IjEuMSIvPg=="
                style="max-width: 100%; display: block; margin: 0px; padding: 0px;"
              />
            </div>
            <img
              alt="bhashiniLogo"
              data-nimg="intrinsic"
              decoding="async"
              src="data:image/gif;base64,R0lGODlhAQABAIAAAAAAAP///yH5BAEAAAAALAAAAAABAAEAAAIBRAA7"
              style="position: absolute; top: 0px; left: 0px; bottom: 0px; right: 0px; box-sizing: border-box; padding: 0px; margin: auto; display: block; width: 0px; height: 0px; min-width: 100%; max-width: 100%; min-height: 100%; max-height: 100%;"
            />
            <noscript />
          </div>
        </a>
        <span
          class="sep d-flex align-self-center border border-1 border-primary mx-3"
        />
        <a
          class="label d-flex align-items-center text-primary px-xl-2 display-1 position-relative"
          href="/home"
        >
          bhasha
          <span
            class="labelSecondHalf"
          >
            daan
          </span>
          <span
            class="betaText display-10 position-absolute"
          >
            beta
          </span>
        </a>
      </div>
      <span
        class="sep d-none d-lg-flex border border-1 border-primary align-self-center mx-3"
      />
    </div>
    <div
      class="d-flex order-3 ms-auto"
    >
      <div
        class="root position-relative dropdown"
        data-testid="LanguageSwitcher"
        id="languageSwitcher"
      >
        <button
          aria-expanded="false"
          class="toggle d-flex h-100 justify-content-center align-items-center dropdown-toggle btn btn-light"
          id="languageSwitcherToggle"
          type="button"
        >
          <div
            style="display: inline-block; max-width: 100%; overflow: hidden; position: relative; box-sizing: border-box; margin: 0px;"
          >
            <div
              style="box-sizing: border-box; display: block; max-width: 100%;"
            >
              <img
                alt=""
                aria-hidden="true"
                src="data:image/svg+xml;base64,PHN2ZyB3aWR0aD0iMjQiIGhlaWdodD0iMjQiIHhtbG5zPSJodHRwOi8vd3d3LnczLm9yZy8yMDAwL3N2ZyIgdmVyc2lvbj0iMS4xIi8+"
                style="max-width: 100%; display: block; margin: 0px; padding: 0px;"
              />
            </div>
            <img
              alt="languageIconAlt"
              data-nimg="intrinsic"
              decoding="async"
              src="data:image/gif;base64,R0lGODlhAQABAIAAAAAAAP///yH5BAEAAAAALAAAAAABAAEAAAIBRAA7"
              style="position: absolute; top: 0px; left: 0px; bottom: 0px; right: 0px; box-sizing: border-box; padding: 0px; margin: auto; display: block; width: 0px; height: 0px; min-width: 100%; max-width: 100%; min-height: 100%; max-height: 100%;"
            />
            <noscript />
          </div>
          <span
            class="d-none d-xl-block mx-1"
          >
            English
          </span>
        </button>
      </div>
    </div>
  </header>
</DocumentFragment>
`;
