// Jest Snapshot v1, https://goo.gl/fbAQLP

exports[`Header should render the component and matches it against stored snapshot 1`] = `
<DocumentFragment>
  <header
    class="root shadow-blue d-flex bg-light text-primary p-0 position-sticky w-100"
    data-testid="Header"
    role="banner"
  >
    <div
      class="d-flex order-1 order-lg-2"
    >
      <div>
        <nav
          class="d-flex align-items-stretch h-100 p-0 navbar navbar-expand-lg navbar-light"
          data-testid="Navigation"
        >
          <button
            aria-label="Toggle navigation"
            class="toggle align-items-center border-0 flex-column justify-content-center p-0 navbar-toggler collapsed"
            type="button"
          >
            <span
              class="toggleBar bg-primary position-relative mt-1"
            />
            <span
              class="toggleBar bg-primary position-relative mt-1"
            />
            <span
              class="toggleBar bg-primary position-relative mt-1"
            />
          </button>
          <div
            class="collapse align-items-stretch bg-light py-2 p-lg-0 navbar-collapse collapse"
          >
            <div
              class="root navbar-nav"
              data-testid="NavigationList"
            >
              <a
                class="link font-family-rowdies d-flex align-items-center display-5 p-4 px-xl-5 py-xl-0 nav-link"
                data-rr-ui-event-key="/tts-initiative"
                href="/tts-initiative"
              >
                tts initiativeTextSuffix
              </a>
              <a
                class="link font-family-rowdies d-flex align-items-center display-5 p-4 px-xl-5 py-xl-0 nav-link"
                data-rr-ui-event-key="/asr-initiative"
                href="/asr-initiative"
              >
                asr initiativeTextSuffix
              </a>
              <a
                class="link font-family-rowdies d-flex align-items-center display-5 p-4 px-xl-5 py-xl-0 nav-link"
                data-rr-ui-event-key="/translation-initiative"
                href="/translation-initiative"
              >
                translation initiativeTextSuffix
              </a>
              <a
                class="link font-family-rowdies d-flex align-items-center display-5 p-4 px-xl-5 py-xl-0 nav-link"
                data-rr-ui-event-key="/ocr-initiative"
                href="/ocr-initiative"
              >
                ocr initiativeTextSuffix
              </a>
            </div>
          </div>
        </nav>
      </div>
    </div>
    <div
      class="d-flex order-2 order-lg-1"
    >
      <div
        class="d-flex"
        data-testid="Logo"
      >
        <a
          class="d-flex align-items-center d-md-none"
          href="/"
        >
          <span
            style="box-sizing: border-box; display: inline-block; overflow: hidden; background: none; opacity: 1; border: 0px; margin: 0px; padding: 0px; position: relative; max-width: 100%;"
          >
            <span
              style="box-sizing: border-box; display: block; background: none; opacity: 1; border: 0px; margin: 0px; padding: 0px; max-width: 100%;"
            >
              <img
                alt=""
                aria-hidden="true"
                src="data:image/svg+xml,%3csvg%20xmlns=%27http://www.w3.org/2000/svg%27%20version=%271.1%27%20width=%2748%27%20height=%2748%27/%3e"
                style="display: block; max-width: 100%; background: none; opacity: 1; border: 0px; margin: 0px; padding: 0px;"
              />
            </span>
            <img
              alt="Website Logo"
              data-nimg="intrinsic"
              decoding="async"
              src="data:image/gif;base64,R0lGODlhAQABAIAAAAAAAP///yH5BAEAAAAALAAAAAABAAEAAAIBRAA7"
              style="position: absolute; top: 0px; left: 0px; bottom: 0px; right: 0px; box-sizing: border-box; padding: 0px; margin: auto; display: block; width: 0px; height: 0px; min-width: 100%; max-width: 100%; min-height: 100%; max-height: 100%;"
            />
            <noscript />
          </span>
        </a>
        <a
          class="d-none align-items-center d-md-flex ms-0 ms-lg-3"
          href="/"
        >
          <span
            style="box-sizing: border-box; display: inline-block; overflow: hidden; background: none; opacity: 1; border: 0px; margin: 0px; padding: 0px; position: relative; max-width: 100%;"
          >
            <span
              style="box-sizing: border-box; display: block; background: none; opacity: 1; border: 0px; margin: 0px; padding: 0px; max-width: 100%;"
            >
              <img
                alt=""
                aria-hidden="true"
                src="data:image/svg+xml,%3csvg%20xmlns=%27http://www.w3.org/2000/svg%27%20version=%271.1%27%20width=%27192%27%20height=%2770%27/%3e"
                style="display: block; max-width: 100%; background: none; opacity: 1; border: 0px; margin: 0px; padding: 0px;"
              />
            </span>
            <img
              alt="Website Logo"
              data-nimg="intrinsic"
              decoding="async"
              src="data:image/gif;base64,R0lGODlhAQABAIAAAAAAAP///yH5BAEAAAAALAAAAAABAAEAAAIBRAA7"
              style="position: absolute; top: 0px; left: 0px; bottom: 0px; right: 0px; box-sizing: border-box; padding: 0px; margin: auto; display: block; width: 0px; height: 0px; min-width: 100%; max-width: 100%; min-height: 100%; max-height: 100%;"
            />
            <noscript />
          </span>
        </a>
        <span
          class="sep d-flex align-self-center border border-1 border-primary mx-3"
        />
        <a
          class="label d-flex align-items-center text-primary px-xl-2 position-relative"
          href="/home"
        >
          logoTitlePrefix
          <span
            class="labelSecondHalf"
          >
            logoTitleSuffix
          </span>
          <span
            class="betaText display-9 position-absolute"
          >
            Beta
          </span>
        </a>
      </div>
      <span
        class="sep d-none d-lg-flex border border-1 border-primary align-self-center ms-3"
      />
    </div>
    <div
      class="d-flex order-3 ms-auto"
    >
      <div
        class="root position-relative dropdown"
        data-testid="LanguageSwitcher"
        id="languageSwitcher"
      >
        <button
          aria-expanded="false"
          class="toggle d-flex h-100 justify-content-center align-items-center px-3 dropdown-toggle btn btn-light"
          id="languageSwitcherToggle"
          type="button"
        >
          <span
            style="box-sizing: border-box; display: inline-block; overflow: hidden; background: none; opacity: 1; border: 0px; margin: 0px; padding: 0px; position: relative; max-width: 100%;"
          >
            <span
              style="box-sizing: border-box; display: block; background: none; opacity: 1; border: 0px; margin: 0px; padding: 0px; max-width: 100%;"
            >
              <img
                alt=""
                aria-hidden="true"
                src="data:image/svg+xml,%3csvg%20xmlns=%27http://www.w3.org/2000/svg%27%20version=%271.1%27%20width=%2724%27%20height=%2724%27/%3e"
                style="display: block; max-width: 100%; background: none; opacity: 1; border: 0px; margin: 0px; padding: 0px;"
              />
            </span>
            <img
              alt="Language Icon"
              data-nimg="intrinsic"
              decoding="async"
              src="data:image/gif;base64,R0lGODlhAQABAIAAAAAAAP///yH5BAEAAAAALAAAAAABAAEAAAIBRAA7"
              style="position: absolute; top: 0px; left: 0px; bottom: 0px; right: 0px; box-sizing: border-box; padding: 0px; margin: auto; display: block; width: 0px; height: 0px; min-width: 100%; max-width: 100%; min-height: 100%; max-height: 100%;"
            />
            <noscript />
          </span>
          <span
            class="d-none d-xl-block mx-1"
          >
            English
          </span>
        </button>
      </div>
    </div>
  </header>
</DocumentFragment>
`;
