// Jest Snapshot v1, https://goo.gl/fbAQLP

exports[`MedalGallery should render the component and matches it against stored snapshot 1`] = `
<DocumentFragment>
  <div
    class="root"
  >
    <header
      class="text-center"
    >
      <h2>
        Congratulations 
        <span
          class="highlight"
        >
          testUser
        </span>
        !
      </h2>
      <h3
        class="mt-3"
      >
        Your Medal Gallery
      </h3>
    </header>
    <div
      class="font-family-rowdies mt-7 mt-md-9"
    >
      <ul
        class="tabs d-flex align-items-center border-bottom border-1 border-primary-60 hide-scrollbar nav nav-tabs"
        role="tablist"
      >
        <li
          class="nav-item"
          role="presentation"
        >
          <button
            aria-controls="uncontrolled-tab-example-tabpane-suno"
            aria-selected="true"
            class="tabLink position-relative h-100 display-3 px-6 mx-md-0 nav-link active"
            data-rr-ui-event-key="suno"
            id="uncontrolled-tab-example-tab-suno"
            role="tab"
            type="button"
          >
            suno india
          </button>
        </li>
        <li
          class="nav-item"
          role="presentation"
        >
          <button
            aria-controls="uncontrolled-tab-example-tabpane-bolo"
            class="tabLink position-relative h-100 display-3 px-6 mx-md-0 nav-link"
            data-rr-ui-event-key="bolo"
            id="uncontrolled-tab-example-tab-bolo"
            role="tab"
            tabindex="-1"
            type="button"
          >
            bolo india
          </button>
        </li>
        <li
          class="nav-item"
          role="presentation"
        >
          <button
            aria-controls="uncontrolled-tab-example-tabpane-likho"
            class="tabLink position-relative h-100 display-3 px-6 mx-md-0 nav-link"
            data-rr-ui-event-key="likho"
            id="uncontrolled-tab-example-tab-likho"
            role="tab"
            tabindex="-1"
            type="button"
          >
            likho india
          </button>
        </li>
        <li
          class="nav-item"
          role="presentation"
        >
          <button
            aria-controls="uncontrolled-tab-example-tabpane-dekho"
            class="tabLink position-relative h-100 display-3 px-6 mx-md-0 nav-link"
            data-rr-ui-event-key="dekho"
            id="uncontrolled-tab-example-tab-dekho"
            role="tab"
            tabindex="-1"
            type="button"
          >
            dekho india
          </button>
        </li>
      </ul>
      <div
        class="tab-content"
      >
        <div
          aria-labelledby="uncontrolled-tab-example-tab-suno"
          class="tab-pane active"
          id="uncontrolled-tab-example-tabpane-suno"
        >
          <div
            class="badgeSection py-5"
          >
            <div
              class="p-0 col"
            >
              <div
                class="mx-0 text-center mt-5 row"
              >
                <h4
                  class="w-100"
                >
                  No badge earned for suno India
                </h4>
              </div>
            </div>
          </div>
        </div>
        <div
          aria-labelledby="uncontrolled-tab-example-tab-bolo"
          class="tab-pane"
          id="uncontrolled-tab-example-tabpane-bolo"
        >
          <div
            class="badgeSection py-5"
          >
            <div
              class="p-0 col"
            >
              <div
                class="mx-0 text-center mt-5 row"
              >
                <h4
                  class="w-100"
                >
                  No badge earned for bolo India
                </h4>
              </div>
            </div>
          </div>
        </div>
        <div
          aria-labelledby="uncontrolled-tab-example-tab-likho"
          class="tab-pane"
          id="uncontrolled-tab-example-tabpane-likho"
        >
          <div
            class="badgeSection py-5"
          >
            <div
              class="p-0 col"
            >
              <div
                class="mx-0 text-center mt-5 row"
              >
                <h4
                  class="w-100"
                >
                  No badge earned for likho India
                </h4>
              </div>
            </div>
          </div>
        </div>
        <div
          aria-labelledby="uncontrolled-tab-example-tab-dekho"
          class="tab-pane"
          id="uncontrolled-tab-example-tabpane-dekho"
        >
          <div
            class="badgeSection py-5"
          >
            <div
              class="p-0 col"
            >
              <div
                class="mx-0 text-center mt-5 row"
              >
                <h4
                  class="w-100"
                >
                  No badge earned for dekho India
                </h4>
              </div>
            </div>
          </div>
        </div>
      </div>
    </div>
    <div
      class="text"
    >
      <p
        class="m-0"
      >
        Please keep contributing actively to stand a chance to get recognised.
      </p>
      <p
        class="m-0"
      >
        Your contribution will be validated before confirming the badge.
      </p>
    </div>
  </div>
</DocumentFragment>
`;
