// Jest Snapshot v1, https://goo.gl/fbAQLP

exports[`tts Actions should render the component and matches it against stored snapshot 1`] = `
<DocumentFragment>
  <div
    class="row"
  >
    <div
      class="col"
      data-testid="ContributionLanguage"
    >
      <div
        class="contributionLanguage"
      >
        <div
          class="d-flex flex-column flex-md-row align-items-md-center"
        >
          <label
            class="label mb-0 me-md-2 form-label"
            for="contribution"
          >
            selectContributionLanguagePrompt1:
          </label>
          <div
            class="d-flex"
          >
            <select
              aria-label="Select the language for contribution"
              class="languageDropdown mt-1 mt-md-0 form-select"
              data-testid="SelectContributionLanguage"
              id="contribution"
              name="contribution"
            >
              <option
                value="Assamese"
              >
                অসমীয়া
              </option>
              <option
                value="Bengali"
              >
                বাংলা
              </option>
              <option
                value="English"
              >
                English
              </option>
              <option
                value="Gujarati"
              >
                ગુજરાતી
              </option>
              <option
                value="Hindi"
              >
                हिंदी
              </option>
              <option
                value="Kannada"
              >
                ಕನ್ನಡ
              </option>
              <option
                value="Malayalam"
              >
                മലയാളം
              </option>
              <option
                value="Marathi"
              >
                मराठी
              </option>
              <option
                value="Odia"
              >
                ଓଡିଆ
              </option>
              <option
                value="Punjabi"
              >
                ਪੰਜਾਬੀ
              </option>
              <option
                value="Tamil"
              >
                தமிழ்
              </option>
              <option
                value="Telugu"
              >
                తెలుగు
              </option>
            </select>
            <span
              class="d-flex mx-3 mx-md-4 flex-shrink-0"
            >
              <span
                style="box-sizing: border-box; display: inline-block; overflow: hidden; background: none; opacity: 1; border: 0px; margin: 0px; padding: 0px; position: relative; max-width: 100%;"
              >
                <span
                  style="box-sizing: border-box; display: block; background: none; opacity: 1; border: 0px; margin: 0px; padding: 0px; max-width: 100%;"
                >
                  <img
                    alt=""
                    aria-hidden="true"
                    src="data:image/svg+xml,%3csvg%20xmlns=%27http://www.w3.org/2000/svg%27%20version=%271.1%27%20width=%2724%27%20height=%2724%27/%3e"
                    style="display: block; max-width: 100%; background: none; opacity: 1; border: 0px; margin: 0px; padding: 0px;"
                  />
                </span>
                <img
                  alt="Right Arrow"
                  data-nimg="intrinsic"
                  decoding="async"
                  src="data:image/gif;base64,R0lGODlhAQABAIAAAAAAAP///yH5BAEAAAAALAAAAAABAAEAAAIBRAA7"
                  style="position: absolute; top: 0px; left: 0px; bottom: 0px; right: 0px; box-sizing: border-box; padding: 0px; margin: auto; display: block; width: 0px; height: 0px; min-width: 100%; max-width: 100%; min-height: 100%; max-height: 100%;"
                />
                <noscript />
              </span>
            </span>
            <select
              aria-label="Select the translated language"
              class="languageDropdown mt-1 mt-md-0 form-select"
              data-testid="SelectTranslatedLanguage"
              id="contribution"
              name="translation"
            >
              <option
                value="Assamese"
              >
                অসমীয়া
              </option>
              <option
                value="Bengali"
              >
                বাংলা
              </option>
              <option
                value="English"
              >
                English
              </option>
              <option
                value="Gujarati"
              >
                ગુજરાતી
              </option>
              <option
                value="Hindi"
              >
                हिंदी
              </option>
              <option
                value="Kannada"
              >
                ಕನ್ನಡ
              </option>
              <option
                value="Malayalam"
              >
                മലയാളം
              </option>
              <option
                value="Marathi"
              >
                मराठी
              </option>
              <option
                value="Odia"
              >
                ଓଡିଆ
              </option>
              <option
                value="Punjabi"
              >
                ਪੰਜਾਬੀ
              </option>
              <option
                value="Tamil"
              >
                தமிழ்
              </option>
              <option
                value="Telugu"
              >
                తెలుగు
              </option>
            </select>
          </div>
        </div>
      </div>
    </div>
  </div>
</DocumentFragment>
`;
