// Jest Snapshot v1, https://goo.gl/fbAQLP

exports[`PageBackground should render the component and matches it against stored snapshot 1`] = `
<DocumentFragment>
  <section
    class="root"
    data-testid="PageBackground"
    style="--background--image: url(/images/some-image.svg); --background--image-mobile: url(/images/some-image.svg); --background-size: cover;"
  >
    <div>
      Child Component
    </div>
  </section>
</DocumentFragment>
`;
