// Jest Snapshot v1, https://goo.gl/fbAQLP

exports[`MapChart should render the component and matches it against stored snapshot 1`] = `
<DocumentFragment>
  <div
    class="h-100 px-md-8"
    id="indiaMapChart"
  >
    <div
      style="width: 100%; height: 100%; position: relative; overflow: hidden;"
    >
      <svg
        role="group"
        style="width: 100%; height: 100%; overflow: visible;"
        version="1.1"
        xmlns="http://www.w3.org/2000/svg"
        xmlns:xlink="http://www.w3.org/1999/xlink"
      >
        <defs>
          <clippath
            id="id-29"
          />
          <clippath
            id="id-56"
          >
            <rect
              height="0"
              width="0"
            />
          </clippath>
          <filter
            filterUnits="objectBoundingBox"
            height="200%"
            id="filter-id-61"
            width="200%"
            x="-50%"
            y="-50%"
          >
            <fegaussianblur
              in="SourceGraphic"
              result="blurOut"
              stdDeviation="1.5"
            />
            <feoffset
              dx="1"
              dy="1"
              result="offsetBlur"
            />
            <feflood
              flood-color="#000000"
              flood-opacity="0.5"
            />
            <fecomposite
              in2="offsetBlur"
              operator="in"
            />
            <femerge>
              <femergenode />
              <femergenode
                in="SourceGraphic"
              />
            </femerge>
          </filter>
          <filter
            filterUnits="objectBoundingBox"
            height="120%"
            id="filter-id-72"
            width="120%"
            x="-10%"
            y="-10%"
          >
            <fecolormatrix
              type="saturate"
              values="0"
            />
          </filter>
          <lineargradient
            id="gradient-id-75"
            x1="1%"
            x2="99%"
            y1="59%"
            y2="41%"
          >
            <stop
              offset="0"
              stop-color="#474758"
            />
            <stop
              offset="0.75"
              stop-color="#474758"
              stop-opacity="1"
            />
            <stop
              offset="0.755"
              stop-color="#3cabff"
              stop-opacity="1"
            />
          </lineargradient>
          <clippath
            id="id-82"
          />
          <filter
            filterUnits="objectBoundingBox"
            height="200%"
            id="filter-id-87"
            width="200%"
            x="-50%"
            y="-50%"
          >
            <fegaussianblur
              in="SourceGraphic"
              result="blurOut"
              stdDeviation="1.5"
            />
            <feoffset
              dx="1"
              dy="1"
              result="offsetBlur"
            />
            <feflood
              flood-color="#000000"
              flood-opacity="0.5"
            />
            <fecomposite
              in2="offsetBlur"
              operator="in"
            />
            <femerge>
              <femergenode />
              <femergenode
                in="SourceGraphic"
              />
            </femerge>
          </filter>
        </defs>
        <g>
          <g
            fill="#ffffff"
            fill-opacity="0"
          >
            <rect />
          </g>
          <g>
            <g
              clip-path="url(\\"#id-56\\")"
              role="region"
            >
              <g
                fill="#ffffff"
                fill-opacity="0"
              >
                <rect />
              </g>
              <g>
                <g>
                  <g />
                </g>
                <g
                  visibility="hidden"
                >
                  <g
                    fill="#ffffff"
                    fill-opacity="0"
                    focusable="true"
                    tabindex="0"
                  >
                    <rect />
                  </g>
                  <g>
                    <g
                      style="user-select: none; webkit-user-select: none; webkit-user-drag: none;"
                      visibility="hidden"
                    >
                      <g>
                        <g
                          role="group"
                          stroke-width="1"
                        >
                          <g>
                            <g
                              clip-path="url(\\"#id-29\\")"
                            >
                              <g>
                                <g>
                                  <g />
                                </g>
                              </g>
                            </g>
                            <g />
                            <g
                              fill="#d9d9d9"
                              stroke="#ffffff"
                              stroke-opacity="1"
                              stroke-width="1"
                            >
                              <g>
                                <g
                                  fill="#ffffff"
                                  fill-opacity="0"
                                  shape-rendering="auto"
                                  stroke="#ffffff"
                                  stroke-opacity="0"
                                >
                                  <path />
                                </g>
                              </g>
                            </g>
                          </g>
                        </g>
                        <g
                          opacity="0"
                          style="pointer-events: none;"
                        >
                          <circle />
                        </g>
                        <g
                          role="group"
                          stroke-width="1"
                        >
                          <g>
                            <g
                              clip-path="url(\\"#id-82\\")"
                            >
                              <g />
                            </g>
                            <g />
                          </g>
                        </g>
                      </g>
                    </g>
                    <g>
                      <g>
                        <g>
                          <g />
                        </g>
                      </g>
                    </g>
                  </g>
                </g>
              </g>
            </g>
            <g>
              <g>
                <g
                  opacity="0"
                  role="tooltip"
                  visibility="hidden"
                >
                  <g
                    fill="#ffffff"
                    fill-opacity="0.9"
                    filter="url(\\"#filter-id-61\\")"
                    stroke="#ffffff"
                    stroke-opacity="1"
                    stroke-width="1"
                    style="pointer-events: none;"
                  >
                    <path />
                  </g>
                  <g>
                    <g
                      fill="#ffffff"
                      style="pointer-events: none;"
                    >
                      <g
                        transform="translate(0,7)"
                      />
                    </g>
                  </g>
                </g>
                <g
                  visibility="hidden"
                >
                  <g
                    fill="#ffffff"
                    opacity="1"
                  >
                    <rect />
                  </g>
                  <g>
                    <g>
                      <g>
                        <g
                          fill="#f3f3f3"
                          fill-opacity="0.8"
                          stroke-opacity="1"
                        >
                          <g>
                            <g />
                          </g>
                        </g>
                        <g
                          fill="#000000"
                          fill-opacity="0.2"
                          stroke-opacity="1"
                        >
                          <g>
                            <g />
                          </g>
                        </g>
                        <g
                          fill="#000000"
                          fill-opacity="0.4"
                        >
                          <g />
                        </g>
                      </g>
                    </g>
                  </g>
                </g>
                <g
                  aria-labelledby="id-72-title"
                  filter="url(\\"#filter-id-72\\")"
                  opacity="0.3"
                  style="cursor: pointer;"
                >
                  <g
                    fill="#ffffff"
                    opacity="0"
                  >
                    <rect />
                  </g>
                  <g>
                    <g
                      fill="none"
                      shape-rendering="auto"
                      stroke="#3cabff"
                      stroke-opacity="1"
                      stroke-width="1.7999999999999998"
                    >
                      <path
                        d=" M15,15  C17.4001,15 22.7998,15.0001 27,15 C31.2002,14.9999 33.2999,6 36,6 C38.7001,6 38.6999,10.5 40.5,10.5 C42.3001,10.5 42.2999,6 45,6 C47.7001,6 50.9999,14.9999 54,15 C57.0002,15.0001 58.7999,15 60,15"
                      />
                    </g>
                    <g
                      fill="none"
                      shape-rendering="auto"
                      stroke="url(\\"#gradient-id-75\\")"
                      stroke-opacity="1"
                      stroke-width="1.7999999999999998"
                    >
                      <path
                        d=" M6,15  C8.2501,15 9.7498,15.0001 15,15 C20.2502,14.9999 20.7748,3.6 27,3.6 C33.2252,3.6 33.8998,14.9999 39.9,15 C45.9002,15.0001 45.9748,15 51,15 C56.0252,15 57.7499,15 60,15"
                      />
                    </g>
                  </g>
                  <title
                    id="id-72-title"
                  >
                    Chart created using amCharts library
                  </title>
                </g>
                <g
                  opacity="0"
                  role="tooltip"
                  visibility="hidden"
                >
                  <g
                    fill="#ffffff"
                    fill-opacity="0.9"
                    filter="url(\\"#filter-id-87\\")"
                    stroke="#ffffff"
                    stroke-opacity="1"
                    stroke-width="1"
                    style="pointer-events: none;"
                  >
                    <path />
                  </g>
                  <g>
                    <g
                      fill="#ffffff"
                      style="pointer-events: none;"
                    >
                      <g
                        transform="translate(0,7)"
                      />
                    </g>
                  </g>
                </g>
              </g>
            </g>
          </g>
        </g>
      </svg>
    </div>
  </div>
  <div
    class="statePopover stateBgDarker hide"
    data-testid="statePopover"
    id="state-popover"
  >
    <div>
      <h6>
        unspecifiedLocation
      </h6>
      <div>
        0 people
      </div>
      <div>
        contribution: 2
      </div>
      <div>
        validation: 3
      </div>
    </div>
    <span
      class="bottomTip"
    />
  </div>
  <div
    class="text-left mb-1 px-5 px-md-8"
  >
    <span
      class="unspecifiedLocation"
      id="unspecifiedLocation"
      role="button"
      tabindex="0"
    >
      *unspecifiedLocation
    </span>
  </div>
</DocumentFragment>
`;
