// Jest Snapshot v1, https://goo.gl/fbAQLP

exports[`IconTextButton should render the component and matches it against stored snapshot 1`] = `
<DocumentFragment>
  <button
    class="root rounded d-flex align-items-center px-3 text-primary text-decoration-none info normal btn btn-link"
    data-testid="text_button"
    type="button"
  >
    <div>
      Child Component
    </div>
    <span
      class="text ms-2 d-none d-md-block"
    >
      some-text
    </span>
  </button>
</DocumentFragment>
`;
