// Jest Snapshot v1, https://goo.gl/fbAQLP

exports[`NavigationList should render the component and matches it against stored snapshot 1`] = `
<DocumentFragment>
  <div
    class="root nav"
    data-testid="NavigationList"
  >
    <a
      class="link d-flex align-items-center text-primary display-5 p-4 px-xl-5 py-xl-0 nav-link"
      data-rr-ui-event-key="/sunoIndia/home"
      href="/sunoIndia/home"
    >
      suno india
    </a>
    <a
      class="link d-flex align-items-center text-primary display-5 p-4 px-xl-5 py-xl-0 nav-link"
      data-rr-ui-event-key="/boloIndia/home.html"
      href="/boloIndia/home.html"
    >
      bolo india
    </a>
    <a
      class="link d-flex align-items-center text-primary display-5 p-4 px-xl-5 py-xl-0 nav-link"
      data-rr-ui-event-key="/likhoIndia/home.html"
      href="/likhoIndia/home.html"
    >
      likho india
    </a>
    <a
      class="link d-flex align-items-center text-primary display-5 p-4 px-xl-5 py-xl-0 nav-link"
      data-rr-ui-event-key="/dekhoIndia/home.html"
      href="/dekhoIndia/home.html"
    >
      dekho india
    </a>
  </div>
</DocumentFragment>
`;
