// Jest Snapshot v1, https://goo.gl/fbAQLP

exports[`LanguageSelector should render snapshot 1`] = `
<DocumentFragment>
  <div>
    <label
      class="mb-2 mb-md-4 form-label"
      for="language"
    >
      selectLanguagePrompt:
    </label>
    <div
      class="d-md-flex align-items-md-center"
    >
      <select
        aria-label="Select Language"
        class="dropdown me-5 mb-3 mb-md-0 form-select"
        id="language"
      >
        <option
          value="all"
        >
          allLanguages
        </option>
        <option
          value="Assamese"
        >
          অসমীয়া
        </option>
        <option
          value="Bengali"
        >
          বাংলা
        </option>
        <option
          value="English"
        >
          English
        </option>
        <option
          value="Gujarati"
        >
          ગુજરાતી
        </option>
        <option
          value="Hindi"
        >
          हिंदी
        </option>
        <option
          value="Kannada"
        >
          ಕನ್ನಡ
        </option>
        <option
          value="Malayalam"
        >
          മലയാളം
        </option>
        <option
          value="Marathi"
        >
          मराठी
        </option>
        <option
          value="Odia"
        >
          ଓଡିଆ
        </option>
        <option
          value="Punjabi"
        >
          ਪੰਜਾਬੀ
        </option>
        <option
          value="Tamil"
        >
          தமிழ்
        </option>
        <option
          value="Telugu"
        >
          తెలుగు
        </option>
      </select>
      <div
        class="display-6"
      >
        dataLastUpdated: 
      </div>
    </div>
  </div>
</DocumentFragment>
`;
