// Jest Snapshot v1, https://goo.gl/fbAQLP

exports[`Stats should render the component and matches it against stored snapshot 1`] = `
<DocumentFragment>
  <div
    class="root rounded-20 bg-info px-7 px-md-0 py-md-7"
  >
    <div
      class="m-md-0 row"
      data-testid="StatsRow"
    >
      <div
        class="stat col-md-3 col-12"
      >
        <div
          class="d-flex flex-column align-items-center py-7 py-md-0"
        >
          <span
            class="count text-warning display-1"
          >
            a
          </span>
          <span
            class="text-light mt-1 display-3 text-center"
          >
            l1
          </span>
        </div>
      </div>
      <div
        class="stat col-md-3 col-12"
      >
        <div
          class="d-flex flex-column align-items-center py-7 py-md-0"
        >
          <span
            class="count text-warning display-1"
          >
            b
          </span>
          <span
            class="text-light mt-1 display-3 text-center"
          >
            l2
          </span>
        </div>
      </div>
    </div>
  </div>
</DocumentFragment>
`;
