// Jest Snapshot v1, https://goo.gl/fbAQLP

exports[`FeedbackForm should render the component and matches it against stored snapshot 1`] = `
<DocumentFragment>
  <form
    class="root py-2"
  >
    <div
      class="py-3"
    >
      <label
        class="mb-3 form-label"
        for="opinionRating"
      >
        opinionQuestionText 
        <span
          class="red"
        >
          (required)
        </span>
      </label>
      <div
        class="opinions"
      >
        <div
          class="me-5"
        >
          <label
            class="opinion opinion1 rounded-circle"
            for="opinion1"
          >
            <div
              style="display: inline-block; max-width: 100%; overflow: hidden; position: relative; box-sizing: border-box; margin: 0px;"
            >
              <div
                style="box-sizing: border-box; display: block; max-width: 100%;"
              >
                <img
                  alt=""
                  aria-hidden="true"
                  src="data:image/svg+xml;base64,PHN2ZyB3aWR0aD0iNDQiIGhlaWdodD0iNDQiIHhtbG5zPSJodHRwOi8vd3d3LnczLm9yZy8yMDAwL3N2ZyIgdmVyc2lvbj0iMS4xIi8+"
                  style="max-width: 100%; display: block; margin: 0px; padding: 0px;"
                />
              </div>
              <img
                alt="icon"
                data-nimg="intrinsic"
                decoding="async"
                src="data:image/gif;base64,R0lGODlhAQABAIAAAAAAAP///yH5BAEAAAAALAAAAAABAAEAAAIBRAA7"
                style="position: absolute; top: 0px; left: 0px; bottom: 0px; right: 0px; box-sizing: border-box; padding: 0px; margin: auto; display: block; width: 0px; height: 0px; min-width: 100%; max-width: 100%; min-height: 100%; max-height: 100%;"
              />
              <noscript />
            </div>
            <span
              class="opinionLabel position-absolute opacity-0"
            >
              1
            </span>
            <input
              class="opinionInput position-absolute opacity-0"
              id="opinion1"
              name="opinion_rating"
              type="radio"
              value="1"
            />
          </label>
        </div>
        <div
          class="me-5"
        >
          <label
            class="opinion opinion2 rounded-circle"
            for="opinion2"
          >
            <div
              style="display: inline-block; max-width: 100%; overflow: hidden; position: relative; box-sizing: border-box; margin: 0px;"
            >
              <div
                style="box-sizing: border-box; display: block; max-width: 100%;"
              >
                <img
                  alt=""
                  aria-hidden="true"
                  src="data:image/svg+xml;base64,PHN2ZyB3aWR0aD0iNDQiIGhlaWdodD0iNDQiIHhtbG5zPSJodHRwOi8vd3d3LnczLm9yZy8yMDAwL3N2ZyIgdmVyc2lvbj0iMS4xIi8+"
                  style="max-width: 100%; display: block; margin: 0px; padding: 0px;"
                />
              </div>
              <img
                alt="icon"
                data-nimg="intrinsic"
                decoding="async"
                src="data:image/gif;base64,R0lGODlhAQABAIAAAAAAAP///yH5BAEAAAAALAAAAAABAAEAAAIBRAA7"
                style="position: absolute; top: 0px; left: 0px; bottom: 0px; right: 0px; box-sizing: border-box; padding: 0px; margin: auto; display: block; width: 0px; height: 0px; min-width: 100%; max-width: 100%; min-height: 100%; max-height: 100%;"
              />
              <noscript />
            </div>
            <span
              class="opinionLabel position-absolute opacity-0"
            >
              2
            </span>
            <input
              class="opinionInput position-absolute opacity-0"
              id="opinion2"
              name="opinion_rating"
              type="radio"
              value="2"
            />
          </label>
        </div>
        <div
          class="me-5"
        >
          <label
            class="opinion opinion3 rounded-circle"
            for="opinion3"
          >
            <div
              style="display: inline-block; max-width: 100%; overflow: hidden; position: relative; box-sizing: border-box; margin: 0px;"
            >
              <div
                style="box-sizing: border-box; display: block; max-width: 100%;"
              >
                <img
                  alt=""
                  aria-hidden="true"
                  src="data:image/svg+xml;base64,PHN2ZyB3aWR0aD0iNDQiIGhlaWdodD0iNDQiIHhtbG5zPSJodHRwOi8vd3d3LnczLm9yZy8yMDAwL3N2ZyIgdmVyc2lvbj0iMS4xIi8+"
                  style="max-width: 100%; display: block; margin: 0px; padding: 0px;"
                />
              </div>
              <img
                alt="icon"
                data-nimg="intrinsic"
                decoding="async"
                src="data:image/gif;base64,R0lGODlhAQABAIAAAAAAAP///yH5BAEAAAAALAAAAAABAAEAAAIBRAA7"
                style="position: absolute; top: 0px; left: 0px; bottom: 0px; right: 0px; box-sizing: border-box; padding: 0px; margin: auto; display: block; width: 0px; height: 0px; min-width: 100%; max-width: 100%; min-height: 100%; max-height: 100%;"
              />
              <noscript />
            </div>
            <span
              class="opinionLabel position-absolute opacity-0"
            >
              3
            </span>
            <input
              class="opinionInput position-absolute opacity-0"
              id="opinion3"
              name="opinion_rating"
              type="radio"
              value="3"
            />
          </label>
        </div>
        <div
          class="me-5"
        >
          <label
            class="opinion opinion4 rounded-circle"
            for="opinion4"
          >
            <div
              style="display: inline-block; max-width: 100%; overflow: hidden; position: relative; box-sizing: border-box; margin: 0px;"
            >
              <div
                style="box-sizing: border-box; display: block; max-width: 100%;"
              >
                <img
                  alt=""
                  aria-hidden="true"
                  src="data:image/svg+xml;base64,PHN2ZyB3aWR0aD0iNDQiIGhlaWdodD0iNDQiIHhtbG5zPSJodHRwOi8vd3d3LnczLm9yZy8yMDAwL3N2ZyIgdmVyc2lvbj0iMS4xIi8+"
                  style="max-width: 100%; display: block; margin: 0px; padding: 0px;"
                />
              </div>
              <img
                alt="icon"
                data-nimg="intrinsic"
                decoding="async"
                src="data:image/gif;base64,R0lGODlhAQABAIAAAAAAAP///yH5BAEAAAAALAAAAAABAAEAAAIBRAA7"
                style="position: absolute; top: 0px; left: 0px; bottom: 0px; right: 0px; box-sizing: border-box; padding: 0px; margin: auto; display: block; width: 0px; height: 0px; min-width: 100%; max-width: 100%; min-height: 100%; max-height: 100%;"
              />
              <noscript />
            </div>
            <span
              class="opinionLabel position-absolute opacity-0"
            >
              4
            </span>
            <input
              class="opinionInput position-absolute opacity-0"
              id="opinion4"
              name="opinion_rating"
              type="radio"
              value="4"
            />
          </label>
        </div>
        <div
          class="me-5"
        >
          <label
            class="opinion opinion5 rounded-circle"
            for="opinion5"
          >
            <div
              style="display: inline-block; max-width: 100%; overflow: hidden; position: relative; box-sizing: border-box; margin: 0px;"
            >
              <div
                style="box-sizing: border-box; display: block; max-width: 100%;"
              >
                <img
                  alt=""
                  aria-hidden="true"
                  src="data:image/svg+xml;base64,PHN2ZyB3aWR0aD0iNDQiIGhlaWdodD0iNDQiIHhtbG5zPSJodHRwOi8vd3d3LnczLm9yZy8yMDAwL3N2ZyIgdmVyc2lvbj0iMS4xIi8+"
                  style="max-width: 100%; display: block; margin: 0px; padding: 0px;"
                />
              </div>
              <img
                alt="icon"
                data-nimg="intrinsic"
                decoding="async"
                src="data:image/gif;base64,R0lGODlhAQABAIAAAAAAAP///yH5BAEAAAAALAAAAAABAAEAAAIBRAA7"
                style="position: absolute; top: 0px; left: 0px; bottom: 0px; right: 0px; box-sizing: border-box; padding: 0px; margin: auto; display: block; width: 0px; height: 0px; min-width: 100%; max-width: 100%; min-height: 100%; max-height: 100%;"
              />
              <noscript />
            </div>
            <span
              class="opinionLabel position-absolute opacity-0"
            >
              5
            </span>
            <input
              class="opinionInput position-absolute opacity-0"
              id="opinion5"
              name="opinion_rating"
              type="radio"
              value="5"
            />
          </label>
        </div>
      </div>
    </div>
    <div
      class="py-3"
    >
      <label
        class="mb-1 form-label"
        for="category"
      >
        feedbackCategoryQuestionText 
        <span
          class="grey"
        >
          (optional)
        </span>
      </label>
      <select
        aria-label="Default select example"
        class="select form-select"
        id="category"
        name="category"
      >
        <option
          value=""
        >
          selectCategory
        </option>
        <option
          value="suggestion"
        >
          suggestion
        </option>
        <option
          value="error"
        >
          error
        </option>
        <option
          value="complaint"
        >
          complaint
        </option>
        <option
          value="compliment"
        >
          compliment
        </option>
      </select>
    </div>
    <div
      class="py-3"
    >
      <label
        class="mb-1 form-label"
        for="feedback"
      >
        feedbackShareText 
        <span
          class="grey"
        >
          (optional)
        </span>
      </label>
      <textarea
        class="form-control"
        id="feedback"
        name="feedback"
        placeholder="typeHere"
        rows="3"
      />
    </div>
    <div
      class="py-3"
    >
      <label
        class="mb-1 w-100 form-label"
        for="recommended"
      >
        recommendQuestionText 
        <span
          class="grey"
        >
          (optional)
        </span>
      </label>
      <div
        class="radio me-8 mb-0 form-check form-check-inline"
      >
        <input
          class="form-check-input"
          id="feedbackFormYesCheckbox"
          name="recommended"
          type="radio"
          value="Yes"
        />
        <label
          class="form-check-label"
          for="feedbackFormYesCheckbox"
          title=""
        >
          yes
        </label>
      </div>
      <div
        class="radio me-8 mb-0 form-check form-check-inline"
      >
        <input
          class="form-check-input"
          id="feedbackFormNoCheckbox"
          name="recommend"
          type="radio"
          value="No"
        />
        <label
          class="form-check-label"
          for="feedbackFormNoCheckbox"
          title=""
        >
          no
        </label>
      </div>
      <div
        class="radio me-8 mb-0 form-check form-check-inline"
      >
        <input
          class="form-check-input"
          id="feedbackFormMaybeCheckbox"
          name="recommend"
          type="radio"
          value="Maybe"
        />
        <label
          class="form-check-label"
          for="feedbackFormMaybeCheckbox"
          title=""
        >
          mayBe
        </label>
      </div>
    </div>
    <div
      class="py-3"
    >
      <label
        class="mb-1 w-100 form-label"
        for="revisit"
      >
        revisitQuestionText 
        <span
          class="grey"
        >
          (optional)
        </span>
      </label>
      <div
        class="radio me-8 mb-0 form-check form-check-inline"
      >
        <input
          class="form-check-input"
          id="revisit1"
          name="revisit"
          type="radio"
          value="Yes"
        />
        <label
          class="form-check-label"
          for="revisit1"
          title=""
        >
          yes
        </label>
      </div>
      <div
        class="radio me-8 mb-0 form-check form-check-inline"
      >
        <input
          class="form-check-input"
          id="revisit2"
          name="revisit"
          type="radio"
          value="No"
        />
        <label
          class="form-check-label"
          for="revisit2"
          title=""
        >
          no
        </label>
      </div>
      <div
        class="radio me-8 mb-0 form-check form-check-inline"
      >
        <input
          class="form-check-input"
          id="revisit3"
          name="revisit"
          type="radio"
          value="Maybe"
        />
        <label
          class="form-check-label"
          for="revisit3"
          title=""
        >
          mayBe
        </label>
      </div>
    </div>
    <button
      class="submitButton"
      disabled=""
      type="submit"
    >
      submit
    </button>
  </form>
</DocumentFragment>
`;
