// Jest Snapshot v1, https://goo.gl/fbAQLP

exports[`MedalPlaceholder should render the component and matches it against stored snapshot 1`] = `
<DocumentFragment>
  <div
    class="root d-flex align-items-center justify-content-center display-5 bg-light fw-light h-100"
  >
    testmedal
  </div>
</DocumentFragment>
`;
