// Jest Snapshot v1, https://goo.gl/fbAQLP

exports[`ContributionDetails should render the component and matches it against stored snapshot 1`] = `
<DocumentFragment>
  <div
    class="root rounded-20"
  >
    <div
      class="rounded-20 bg-light p-5"
    >
      <div />
      <div
        class="mt-4 text-center text-md-start"
      />
    </div>
  </div>
</DocumentFragment>
`;
