// Jest Snapshot v1, https://goo.gl/fbAQLP

exports[`ContributionTracker should render the component and matches it against stored snapshot 1`] = `
<DocumentFragment>
  <div
    class=""
    data-testid="ContributionTracker"
  >
    <div
      class="d-flex flex-column flex-md-row align-items-md-center"
    >
      <label
        class="display-3 mb-0 mb-md-0 font-family-rowdies form-label"
        for="recommended"
      >
        contributionTrackerSubHeader
      </label>
      <div
        class="d-md-flex ms-md-9 mt-4 mt-md-0"
      >
        <div
          class="radio me-8 mb-0 form-check form-check-inline"
        >
          <input
            checked=""
            class="form-check-input"
            id="feedbackFormYesCheckbox"
            name="recommended"
            type="radio"
            value="byDuration"
          />
          <label
            class="form-check-label"
            for="feedbackFormYesCheckbox"
            title=""
          >
            byHours
          </label>
        </div>
        <div
          class="radio me-8 mb-0 mt-2 mt-md-0 form-check form-check-inline"
        >
          <input
            class="form-check-input"
            id="feedbackFormNoCheckbox"
            name="recommended"
            type="radio"
            value="bySpeaker"
          />
          <label
            class="form-check-label"
            for="feedbackFormNoCheckbox"
            title=""
          >
            bySentences
          </label>
        </div>
      </div>
    </div>
    <div
      class="bg-secondary py-5 mt-4"
    >
      <div
        class="d-md-flex justify-content-between px-4 mb-4"
      >
        <p
          class="display-6"
        >
          totalSentences
        </p>
        <div>
          <span
            class="chartLabel chartLabelOrange display-6"
          >
            yourSelectedLanguage
          </span>
          <span
            class="chartLabel chartLabelYellow display-6 ms-4"
          >
            topLanguages
          </span>
        </div>
      </div>
      <div
        id="bar_chart"
        style="width: 100%; height: 500px;"
      >
        <div
          style="width: 100%; height: 100%; position: relative;"
        >
          <svg
            role="group"
            style="width: 100%; height: 100%; overflow: visible;"
            version="1.1"
            xmlns="http://www.w3.org/2000/svg"
            xmlns:xlink="http://www.w3.org/1999/xlink"
          >
            <defs>
              <clippath
                id="id-222"
              >
                <rect
                  height="0"
                  width="0"
                />
              </clippath>
              <lineargradient
                id="gradient-id-241"
                x1="1%"
                x2="99%"
                y1="59%"
                y2="41%"
              >
                <stop
                  offset="0"
                  stop-color="#474758"
                />
                <stop
                  offset="0.75"
                  stop-color="#474758"
                  stop-opacity="1"
                />
                <stop
                  offset="0.755"
                  stop-color="#3cabff"
                  stop-opacity="1"
                />
              </lineargradient>
              <filter
                filterUnits="objectBoundingBox"
                height="200%"
                id="filter-id-250"
                width="200%"
                x="-50%"
                y="-50%"
              />
              <filter
                filterUnits="objectBoundingBox"
                height="200%"
                id="filter-id-271"
                width="200%"
                x="-50%"
                y="-50%"
              />
              <clippath
                id="id-302"
              >
                <path
                  d="M0,0 L0.0001,0 L0.0001,0 L0,0 L0,0"
                />
              </clippath>
              <clippath
                id="id-338"
              >
                <rect
                  height="0"
                  width="0"
                />
              </clippath>
              <filter
                filterUnits="objectBoundingBox"
                height="200%"
                id="filter-id-227"
                width="200%"
                x="-50%"
                y="-50%"
              >
                <fegaussianblur
                  in="SourceGraphic"
                  result="blurOut"
                  stdDeviation="1.5"
                />
                <feoffset
                  dx="1"
                  dy="1"
                  result="offsetBlur"
                />
                <feflood
                  flood-color="#000000"
                  flood-opacity="0.5"
                />
                <fecomposite
                  in2="offsetBlur"
                  operator="in"
                />
                <femerge>
                  <femergenode />
                  <femergenode
                    in="SourceGraphic"
                  />
                </femerge>
              </filter>
              <filter
                filterUnits="objectBoundingBox"
                height="120%"
                id="filter-id-238"
                width="120%"
                x="-10%"
                y="-10%"
              >
                <fecolormatrix
                  type="saturate"
                  values="0"
                />
              </filter>
              <filter
                filterUnits="objectBoundingBox"
                height="200%"
                id="filter-id-307"
                width="200%"
                x="-50%"
                y="-50%"
              >
                <fegaussianblur
                  in="SourceGraphic"
                  result="blurOut"
                  stdDeviation="1.5"
                />
                <feoffset
                  dx="1"
                  dy="1"
                  result="offsetBlur"
                />
                <feflood
                  flood-color="#000000"
                  flood-opacity="0.5"
                />
                <fecomposite
                  in2="offsetBlur"
                  operator="in"
                />
                <femerge>
                  <femergenode />
                  <femergenode
                    in="SourceGraphic"
                  />
                </femerge>
              </filter>
            </defs>
            <g>
              <g
                fill="#ffffff"
                fill-opacity="0"
              >
                <rect
                  height="0"
                  width="0"
                />
              </g>
              <g>
                <g
                  aria-label="Chart"
                  clip-path="url(\\"#id-222\\")"
                  opacity="1"
                  role="region"
                >
                  <g
                    transform="translate(15,15)"
                  >
                    <g>
                      <g>
                        <g>
                          <g>
                            <g>
                              <g>
                                <g
                                  transform="translate(0,0)"
                                >
                                  <g
                                    fill="#ffffff"
                                    fill-opacity="0"
                                    transform="translate(0,0)"
                                  >
                                    <rect
                                      height="0"
                                      width="0"
                                    />
                                  </g>
                                  <g>
                                    <g
                                      display="none"
                                    >
                                      <g />
                                    </g>
                                    <g>
                                      <g>
                                        <g
                                          fill="none"
                                          stroke="#000000"
                                          stroke-opacity="0.15"
                                          stroke-width="0"
                                        >
                                          <path
                                            d=" M0,0  L0,0 "
                                            transform="translate(-0.5,-0.5)"
                                          />
                                        </g>
                                        <g
                                          fill="none"
                                          stroke="#000000"
                                          stroke-opacity="0.15"
                                          stroke-width="0"
                                        >
                                          <path
                                            d=" M0,0  L0,0 "
                                            transform="translate(-0.5,-0.5)"
                                          />
                                        </g>
                                      </g>
                                    </g>
                                    <g>
                                      <g>
                                        <g
                                          aria-label="Series"
                                          fill-opacity="1"
                                          role="group"
                                          stroke="#67b7dc"
                                          stroke-opacity="0"
                                        >
                                          <g>
                                            <g
                                              clip-path="url(\\"#id-302\\")"
                                            >
                                              <g>
                                                <g>
                                                  <g>
                                                    <g
                                                      fill="#ef8537"
                                                      fill-opacity="1"
                                                      focusable="true"
                                                      role="menuitem"
                                                      stroke="#ef8537"
                                                      stroke-opacity="1"
                                                      tabindex="0"
                                                    >
                                                      <g>
                                                        <g>
                                                          <path
                                                            d="M0,0 L0,0 a0,0 0 0 1 0,0 L0,0 a0,0 0 0 1 -0,0 L0,0 a0,0 0 0 1 -0,-0 L0,0 a0,0 0 0 1 0,-0 Z"
                                                          />
                                                        </g>
                                                      </g>
                                                    </g>
                                                    <g
                                                      fill="#f7cc56"
                                                      fill-opacity="1"
                                                      focusable="true"
                                                      role="menuitem"
                                                      stroke="#f7cc56"
                                                      stroke-opacity="1"
                                                      tabindex="0"
                                                    >
                                                      <g>
                                                        <g>
                                                          <path
                                                            d="M0,0 L0,0 a0,0 0 0 1 0,0 L0,0 a0,0 0 0 1 -0,0 L0,0 a0,0 0 0 1 -0,-0 L0,0 a0,0 0 0 1 0,-0 Z"
                                                          />
                                                        </g>
                                                      </g>
                                                    </g>
                                                    <g
                                                      fill="#f7cc56"
                                                      fill-opacity="1"
                                                      focusable="true"
                                                      role="menuitem"
                                                      stroke="#f7cc56"
                                                      stroke-opacity="1"
                                                      tabindex="0"
                                                    >
                                                      <g>
                                                        <g>
                                                          <path
                                                            d="M0,0 L0,0 a0,0 0 0 1 0,0 L0,0 a0,0 0 0 1 -0,0 L0,0 a0,0 0 0 1 -0,-0 L0,0 a0,0 0 0 1 0,-0 Z"
                                                          />
                                                        </g>
                                                      </g>
                                                    </g>
                                                  </g>
                                                </g>
                                              </g>
                                            </g>
                                            <g />
                                          </g>
                                        </g>
                                      </g>
                                    </g>
                                    <g
                                      clip-path="url(\\"#id-338\\")"
                                    >
                                      <g>
                                        <g
                                          fill="#67b7dc"
                                          stroke="#67b7dc"
                                        >
                                          <g />
                                        </g>
                                      </g>
                                    </g>
                                    <g>
                                      <g>
                                        <g>
                                          <g />
                                        </g>
                                        <g>
                                          <g />
                                        </g>
                                      </g>
                                    </g>
                                    <g>
                                      <g />
                                    </g>
                                    <g>
                                      <g />
                                    </g>
                                    <g
                                      aria-hidden="true"
                                      aria-labelledby="id-213-title"
                                      focusable="true"
                                      opacity="0"
                                      role="button"
                                      tabindex="0"
                                      transform="translate(0,-3)"
                                      visibility="hidden"
                                    >
                                      <g
                                        fill="#6794dc"
                                        fill-opacity="1"
                                        stroke="#ffffff"
                                        stroke-opacity="0"
                                        transform="translate(0,8)"
                                      >
                                        <path
                                          d="M9,0 L9,0 a9,9 0 0 1 9,9 L18,9 a9,9 0 0 1 -9,9 L9,18 a9,9 0 0 1 -9,-9 L0,9 a9,9 0 0 1 9,-9 Z"
                                        />
                                      </g>
                                      <g
                                        transform="translate(9,9)"
                                      >
                                        <g
                                          stroke="#ffffff"
                                          style="pointer-events: none;"
                                          transform="translate(0,8)"
                                        >
                                          <path
                                            d=" M0,0  L11,0 "
                                            transform="translate(2.5,7.5)"
                                          />
                                        </g>
                                        <g
                                          fill="#000000"
                                          style="pointer-events: none;"
                                          transform="translate(6,8)"
                                        >
                                          <g />
                                        </g>
                                      </g>
                                      <title
                                        id="id-213-title"
                                      >
                                        Zoom Out
                                      </title>
                                    </g>
                                  </g>
                                </g>
                                <g>
                                  <g>
                                    <g
                                      aria-hidden="true"
                                      display="none"
                                    >
                                      <g>
                                        <g
                                          display="none"
                                          fill="#142745"
                                          font-size="14"
                                          opacity="0.6"
                                        >
                                          <g />
                                        </g>
                                        <g
                                          fill="none"
                                          stroke="#000000"
                                          stroke-opacity="0.15"
                                        >
                                          <path
                                            transform="translate(-0.5,-0.5)"
                                          />
                                        </g>
                                        <g>
                                          <g>
                                            <g
                                              aria-label="L"
                                              fill="#142745"
                                              fill-opacity="0"
                                              font-size="14"
                                              opacity="0"
                                              stroke-opacity="0"
                                              style="pointer-events: none;"
                                            >
                                              <g
                                                style="webkit-user-select: none;"
                                                transform="translate(10,0)"
                                              >
                                                <text
                                                  dy="0"
                                                  x="0"
                                                  y="0"
                                                >
                                                  <tspan>
                                                    L
                                                  </tspan>
                                                </text>
                                              </g>
                                            </g>
                                          </g>
                                        </g>
                                        <g
                                          fill="none"
                                          stroke="#000000"
                                          stroke-opacity="0"
                                          style="pointer-events: none;"
                                        >
                                          <path />
                                        </g>
                                      </g>
                                    </g>
                                  </g>
                                </g>
                                <g>
                                  <g />
                                </g>
                              </g>
                            </g>
                            <g>
                              <g />
                            </g>
                            <g>
                              <g>
                                <g
                                  aria-hidden="true"
                                >
                                  <g>
                                    <g
                                      fill="none"
                                      stroke="#000000"
                                      stroke-opacity="0"
                                      style="pointer-events: none;"
                                    >
                                      <path
                                        d=" M0,0  L0.0001,0 "
                                        transform="translate(-0.5,-0.5)"
                                      />
                                    </g>
                                    <g>
                                      <g>
                                        <g
                                          aria-label="L"
                                          fill="#000000"
                                          fill-opacity="0"
                                          font-size="12"
                                          opacity="0"
                                          stroke-opacity="0"
                                          style="pointer-events: none;"
                                        >
                                          <g
                                            style="webkit-user-select: none;"
                                            transform="translate(0,10)"
                                          >
                                            <text
                                              dy="0"
                                              x="0"
                                              y="0"
                                            >
                                              <tspan>
                                                L
                                              </tspan>
                                            </text>
                                          </g>
                                        </g>
                                        <g
                                          fill="#000000"
                                          font-size="12"
                                        >
                                          <g
                                            transform="translate(0,10)"
                                          />
                                        </g>
                                        <g
                                          display="none"
                                          fill="#000000"
                                          font-size="12"
                                        >
                                          <g
                                            transform="translate(0,10)"
                                          />
                                        </g>
                                      </g>
                                    </g>
                                    <g
                                      display="none"
                                      fill="none"
                                      stroke="#000000"
                                      stroke-opacity="0.15"
                                    >
                                      <path
                                        d=" M0,0  L0,0 "
                                        transform="translate(-0.5,-0.5)"
                                      />
                                    </g>
                                    <g
                                      fill="#000000"
                                    >
                                      <g />
                                    </g>
                                  </g>
                                </g>
                              </g>
                            </g>
                          </g>
                        </g>
                      </g>
                    </g>
                  </g>
                </g>
                <g>
                  <g>
                    <g
                      opacity="0"
                      role="tooltip"
                      visibility="hidden"
                    >
                      <g
                        fill="#ffffff"
                        fill-opacity="0.9"
                        filter="url(\\"#filter-id-227\\")"
                        stroke="#ffffff"
                        stroke-opacity="1"
                        stroke-width="1"
                        style="pointer-events: none;"
                      >
                        <path
                          d="M3,0 L21,0 a3,3 0 0 1 3,3 L24,8 a3,3 0 0 1 -3,3 L3,11 a3,3 0 0 1 -3,-3 L0,3 a3,3 0 0 1 3,-3"
                        />
                      </g>
                      <g>
                        <g
                          fill="#ffffff"
                          style="pointer-events: none;"
                          transform="translate(12,0)"
                        >
                          <g
                            transform="translate(0,7)"
                          />
                        </g>
                      </g>
                    </g>
                    <g
                      display="none"
                      style="pointer-events: none;"
                      visibility="hidden"
                    >
                      <g
                        fill="#ffffff"
                        opacity="1"
                      >
                        <rect
                          height="0"
                          width="0"
                        />
                      </g>
                      <g>
                        <g>
                          <g>
                            <g
                              fill="#f3f3f3"
                              fill-opacity="0.8"
                              stroke-opacity="1"
                            >
                              <g>
                                <g>
                                  <path
                                    d=" M53,0  a53,53,0,0,1,-106,0 a53,53,0,0,1,106,0 M42,0  a42,42,0,0,0,-84,0 a42,42,0,0,0,84,0 L42,0 "
                                  />
                                </g>
                              </g>
                            </g>
                            <g
                              fill="#000000"
                              fill-opacity="0.2"
                              stroke-opacity="1"
                            >
                              <g>
                                <g>
                                  <path
                                    d=" M50,0  a50,50,0,0,1,-100,0 a50,50,0,0,1,100,0 M45,0  a45,45,0,0,0,-90,0 a45,45,0,0,0,90,0 L45,0 "
                                  />
                                </g>
                              </g>
                            </g>
                            <g
                              fill="#000000"
                              fill-opacity="0.4"
                            >
                              <g />
                            </g>
                          </g>
                        </g>
                      </g>
                    </g>
                    <g
                      aria-hidden="true"
                      aria-labelledby="id-238-title"
                      filter="url(\\"#filter-id-238\\")"
                      opacity="0"
                      style="cursor: pointer;"
                      transform="translate(0,0)"
                      visibility="hidden"
                    >
                      <g
                        fill="#ffffff"
                        opacity="0"
                      >
                        <rect
                          height="21"
                          width="66"
                        />
                      </g>
                      <g>
                        <g
                          fill="none"
                          shape-rendering="auto"
                          stroke="#3cabff"
                          stroke-opacity="1"
                          stroke-width="1.7999999999999998"
                        >
                          <path
                            d=" M15,15  C17.4001,15 22.7998,15.0001 27,15 C31.2002,14.9999 33.2999,6 36,6 C38.7001,6 38.6999,10.5 40.5,10.5 C42.3001,10.5 42.2999,6 45,6 C47.7001,6 50.9999,14.9999 54,15 C57.0002,15.0001 58.7999,15 60,15"
                          />
                        </g>
                        <g
                          fill="none"
                          shape-rendering="auto"
                          stroke="url(\\"#gradient-id-241\\")"
                          stroke-opacity="1"
                          stroke-width="1.7999999999999998"
                        >
                          <path
                            d=" M6,15  C8.2501,15 9.7498,15.0001 15,15 C20.2502,14.9999 20.7748,3.6 27,3.6 C33.2252,3.6 33.8998,14.9999 39.9,15 C45.9002,15.0001 45.9748,15 51,15 C56.0252,15 57.7499,15 60,15"
                          />
                        </g>
                      </g>
                      <title
                        id="id-238-title"
                      >
                        Chart created using amCharts library
                      </title>
                    </g>
                    <g
                      opacity="0"
                      role="tooltip"
                      visibility="hidden"
                    >
                      <g
                        fill="#000000"
                        fill-opacity="1"
                        stroke="#000000"
                        stroke-opacity="1"
                        stroke-width="1"
                        style="pointer-events: none;"
                        transform="translate(-5,15)"
                      >
                        <path
                          d="M0,0 L20,0 a0,0 0 0 1 0,0 L20,10 a0,0 0 0 1 -0,0 L0,10 a0,0 0 0 1 -0,-0 L0,0 a0,0 0 0 1 0,-0"
                        />
                      </g>
                      <g>
                        <g
                          fill="#ffffff"
                          style="pointer-events: none;"
                          transform="translate(5,15)"
                        >
                          <g
                            transform="translate(0,5)"
                          />
                        </g>
                      </g>
                    </g>
                    <g
                      display="none"
                      opacity="0"
                      role="tooltip"
                      visibility="hidden"
                    >
                      <g
                        fill="#000000"
                        fill-opacity="1"
                        stroke="#000000"
                        stroke-opacity="1"
                        stroke-width="1"
                        style="pointer-events: none;"
                      >
                        <path />
                      </g>
                      <g>
                        <g
                          fill="#ffffff"
                          style="pointer-events: none;"
                        >
                          <g
                            transform="translate(0,5)"
                          />
                        </g>
                      </g>
                    </g>
                    <g
                      opacity="0"
                      role="tooltip"
                      visibility="hidden"
                    >
                      <g
                        fill="#333333"
                        fill-opacity="0.9"
                        filter="url(\\"#filter-id-307\\")"
                        stroke="#ffffff"
                        stroke-opacity="1"
                        stroke-width="1"
                        style="pointer-events: none;"
                        transform="translate(6,-5.5)"
                      >
                        <path
                          d="M3,0 L21,0 a3,3 0 0 1 3,3 L24,8 a3,3 0 0 1 -3,3 L3,11 a3,3 0 0 1 -3,-3 L0,8 L0,10.5 L-6,5.5 L0,0.5 L0,3 a3,3 0 0 1 3,-3"
                        />
                      </g>
                      <g>
                        <g
                          fill="#ffffff"
                          style="pointer-events: none;"
                          transform="translate(18,-5.5)"
                        >
                          <g
                            transform="translate(0,7)"
                          />
                        </g>
                      </g>
                    </g>
                  </g>
                </g>
              </g>
            </g>
          </svg>
          <div
            aria-label=""
            class="amcharts-ampopup-content"
            role="dialog"
            style="opacity: 0.01; left: 0px; top: 0px; margin: 0px 0px 0px 0px; width: 0px; height: 0px;"
          >
            <div
              class="amcharts-ampopup-header"
            >
              <a
                class="amcharts-ampopup-close"
                style="visibility: visible;"
              />
              <div
                class="amcharts-ampopup-title"
                style=""
              />
            </div>
            <div
              class="amcharts-ampopup-inside"
            >
              svg.createSVGMatrix is not a function
            </div>
          </div>
          <div
            class="amcharts-ampopup-curtain"
            style="display: block;"
          />
        </div>
      </div>
    </div>
  </div>
</DocumentFragment>
`;
